분석일시: 2026-06-06
모드: macro (30일 중기)
분석대상: 거시 환경 (CPI · FOMC · USD/KRW) → AI·반도체 영향

━━━━━━━━━━━━━━━━━━━━━━━━━━━━━━━━━━━━━━━━━━━━━━━━
사용자 질문
━━━━━━━━━━━━━━━━━━━━━━━━━━━━━━━━━━━━━━━━━━━━━━━━
현재까지 확인 가능한 수치들을 확인해서, CPI / FOMC / USD/KRW 환율에 대한
방향성과, 이들이 AI 산업 및 반도체 주가에 미칠 영향에 대해 미리 준비할
수 있도록 도와줘.

━━━━━━━━━━━━━━━━━━━━━━━━━━━━━━━━━━━━━━━━━━━━━━━━
포트폴리오 컨텍스트 (2026-06-06)
━━━━━━━━━━━━━━━━━━━━━━━━━━━━━━━━━━━━━━━━━━━━━━━━

  총자산:        ***,***,***원
  현금 비중:     50.4% (KRW ***,***,*** + USD **,***.** )
  KR 주식 비중: 39.2%
  US 주식 비중: 10.3%
  환율(USD/KRW): 1,558.84 (2009년 3월 이후 최고권)

  반도체 노출 합산: 약 32%
    - SK하이닉스(000660):    25.5% 단독 (+169.41%, 20일 +25.15%, rec=sell)
    - 삼성전자(005930):       1.9%   (+96.03%, 20일 +21.18%, rec=sell)
    - KODEX 반도체(091160):   2.7%   (+86.13%, 20일 +10.61%, rec=hold)
    - NVDA:                   2.2%   (+12.57%, 20일 -3.03%, rec=hold)

  AI 전력 노출:
    - KODEX AI전력핵심설비(487240): 1.9% (-16.76%, 20일 -30.39%, rec=buy)

  US 인덱스 (환율 버퍼):  6.7% (TIGER 미국나스닥100·S&P500 등)
  안전자산:               약 0.01% (ACE KRX금현물 411060, 20일 -2.2%)

━━━━━━━━━━━━━━━━━━━━━━━━━━━━━━━━━━━━━━━━━━━━━━━━
거시 환경 종합 점수
━━━━━━━━━━━━━━━━━━━━━━━━━━━━━━━━━━━━━━━━━━━━━━━━

  분석 기간:     30일
  risk_score:    -28
  regime:        Neutral (경계 - Risk-off 경향)

  핵심 판단:
    CPI는 6/10 발표까지 방향성 불확정. FOMC는 Warsh 신임 의장의 첫 회의로
    매파 SEP 리스크 우세. USD/KRW 1,558원 돌파로 추가 강달러 압력 지속.
    3축 모두 단기 변동성 확대 구간이며 반도체·AI에 중립~부정적.

━━━━━━━━━━━━━━━━━━━━━━━━━━━━━━━━━━━━━━━━━━━━━━━━
6축 요인 스코어카드 (30일 균등 가중치)
━━━━━━━━━━━━━━━━━━━━━━━━━━━━━━━━━━━━━━━━━━━━━━━━

  ┌────┬──────────────────────────────┬──────┬──────┬───────────────────────┐
  │ 축 │ 현재 상태                     │ 방향 │ 임팩트│ 근거 (확정 사실)      │
  ├────┼──────────────────────────────┼──────┼──────┼───────────────────────┤
  │ A  │ US 10Y 4.48%(임계 4.5% 근접) │ ↑   │  -   │ Warsh 첫 SEP 매파     │
  │ 금리│ FOMC 동결 65~96%, SEP 매파  │      │      │ 기조 기대, Powell→Warsh│
  ├────┼──────────────────────────────┼──────┼──────┼───────────────────────┤
  │ B  │ 5월 CPI 6/10, PCE 6/25, NFP  │ →   │  0   │ 일정 확정·예상치 미확정│
  │ 물가│ 7/2 — 데이터 공백 후 집중  │      │      │ (※ 미확정)            │
  ├────┼──────────────────────────────┼──────┼──────┼───────────────────────┤
  │ C  │ VIX 16.05 안정. 6/5 한국    │ →   │  0   │ VIX 안정, 활성 시그널 │
  │ 수급│ 반도체 외인 매도 + 서킷    │      │      │ 0/8 unchecked         │
  ├────┼──────────────────────────────┼──────┼──────┼───────────────────────┤
  │ D  │ 이란-이스라엘 긴장 재점화   │ ↑   │  -   │ 이란 쿠웨이트 공항    │
  │ 지정│ 유가↑+달러↑ 직접 인과 확인 │      │      │ 공격, 이스라엘 추가공격│
  ├────┼──────────────────────────────┼──────┼──────┼───────────────────────┤
  │ E  │ SpaceX IPO 6/12 ($75B)       │ ↓   │  -   │ JPM $950B siphon,    │
  │ 유동│ 패시브 $950B 테크 리밸런싱  │      │      │ 6/5 반도체 급락 1차분 │
  ├────┼──────────────────────────────┼──────┼──────┼───────────────────────┤
  │ F  │ 중동發 유가 상승, DRAM 시그│ ↑   │  -   │ DRAM 미발동, 금현물   │
  │ 원자재│ 미발동, 금현물 20일 -2.2%│      │      │ 20일 -2.2%           │
  └────┴──────────────────────────────┴──────┴──────┴───────────────────────┘

━━━━━━━━━━━━━━━━━━━━━━━━━━━━━━━━━━━━━━━━━━━━━━━━
① CPI 방향성 (2026-06-10 발표)
━━━━━━━━━━━━━━━━━━━━━━━━━━━━━━━━━━━━━━━━━━━━━━━━

  방향성:  혼조 (둔화·상회 양 시나리오 모두 열림)
  주목 변수:
    - 헤드라인 vs 컨센서스 (구체 컨센 ※ 미확정)
    - 유가발 상방 surprise 여부 (중동 긴장이 5월 데이터 반영 가능)
    - 코어 CPI 둔화 지속 여부

  AI·반도체 영향:
    [상회 시] → 10년물 4.5% 임계 돌파 → 고밸류 AI·반도체 멀티플 압축.
              SK하이닉스 PER 프리미엄 직격, NVDA·Rubin 평가 추가 보수화.
    [둔화 시] → 6/17 FOMC 비둘기 SEP 기대 → 반도체·AI 반등 트리거.
              KODEX 반도체·AI전력 동반 회복 모멘텀.
    [혼조 시] → 6/17 FOMC까지 박스권 유지. SOCAMM 루머 등 종목별 이슈
              우위 시장.

  발표 전 48시간 변동성 확대 → 포지션 추가는 발표 후 권고.

━━━━━━━━━━━━━━━━━━━━━━━━━━━━━━━━━━━━━━━━━━━━━━━━
② FOMC 방향성 (2026-06-16~17, Warsh 신임 의장 첫 회의)
━━━━━━━━━━━━━━━━━━━━━━━━━━━━━━━━━━━━━━━━━━━━━━━━

  의장:        Kevin Warsh (Powell 2026-05-15 임기 종료 후 취임)
  기준 시나리오: 동결
  SEP 점도표:  매파 우세 (3월 SEP 인플레 상향+GDP 하향 기조 + Warsh 매파 성향)
  시장 가격:   동결 확률 65~96% (소스별 차이, 변동성 있음)

  AI·반도체 영향:
    [매파 SEP — 2026년 인하 1→0회 축소]
      → 10년물 4.5% 돌파 + 강달러 가속
      → 반도체·AI 멀티플 추가 압축
      → 가장 큰 위험 시나리오. SK하이닉스 25.5% 단독 비중이 최대 리스크.
    [Warsh 시장 친화적 톤 — 고용 둔화 인정]
      → 단기 빅테크·반도체 반등
      → NVDA·KODEX 반도체 V자 반등 베이스 형성
    [동결 + 매파 SEP 유지(Base)]
      → 6/17 직후 박스권 유지, 7월 NFP 결과까지 방향성 지연

  Warsh의 첫 SEP 톤은 시장이 미리 평가할 수 없는 영역 — 발표 직후 변동성
  최대치 도달 가능. 6/17 전후 추가 매수 자제, 통과 후 반응 확인 권고.

━━━━━━━━━━━━━━━━━━━━━━━━━━━━━━━━━━━━━━━━━━━━━━━━
③ USD/KRW 환율 방향성 (현재 1,558.84)
━━━━━━━━━━━━━━━━━━━━━━━━━━━━━━━━━━━━━━━━━━━━━━━━

  현재가:      1,558.84원 (DB 기준)
  배경:        6/3 1,532.25 → 6/4 1,539.1 → DB 시점 1,558 — 단기 상승 가속
  레벨:        2009년 3월 이후 최고권
  방향성:      추가 강달러 압력

  Drivers (확정):
    - 중동 긴장 재점화 → 유가 상승 → 달러 안전자산 수요
    - 외국인 6/5 한국 반도체 대량 매도 → KRW 매도 압력 지속
    - Warsh 매파 SEP 리스크 → 미-한 금리차 확대 전망
    - SpaceX IPO 자금 흡수 → 글로벌 USD 수요

  AI·반도체 영향:
    [반도체 KR 보유 부정적]
      - SK하이닉스 25.5% 단독 → 외인 추가 매도 압력
      - 삼성·KODEX 반도체 KRW 자산 추가 환손실 위험
    [US 자산 긍정적 — 환율 버퍼]
      - TIGER 미국나스닥100/S&P500 (6.7%) 환차익 발생
      - NVDA 2.2% 환율 버퍼
    [임계 레벨]
      - 1,570원 돌파 시 외환 당국 개입 가능성 → 단기 변동성 폭증
      - 1,580원 돌파 시 Bear 시나리오 가속

━━━━━━━━━━━━━━━━━━━━━━━━━━━━━━━━━━━━━━━━━━━━━━━━
시나리오 매트릭스
━━━━━━━━━━━━━━━━━━━━━━━━━━━━━━━━━━━━━━━━━━━━━━━━

  ┌────────┬──────┬──────────────────────────────┬───────────────────────────┐
  │ 시나리오│ 확률 │ 핵심 트리거                   │ 포트폴리오·AI/반도체 영향  │
  ├────────┼──────┼──────────────────────────────┼───────────────────────────┤
  │ Base   │ 55%  │ CPI 컨센 부합 + FOMC 동결+   │ 현 50.4% 현금 적정. 반도체│
  │        │      │ 매파 SEP 유지 + USD/KRW 1540~│ 32% 횡보. SOCAMM 루머 미  │
  │        │      │ 1580 박스 + 중동 현 수준     │ 해소 시 변동성 지속. AI전 │
  │        │      │                              │ 력 추가 하락 위험.        │
  ├────────┼──────┼──────────────────────────────┼───────────────────────────┤
  │ Bull   │ 20%  │ CPI 컨센 하회 + Warsh 비둘기 │ 10Y 4.4% 하회 → AI·반도체 │
  │        │      │ + 중동 휴전 → USD/KRW 1,520 │ 멀티플 확장. SK하이닉스   │
  │        │      │ 복귀 + SpaceX 후 빅테크 매수 │ 반등, NVDA 강세, KODEX    │
  │        │      │                              │ 반도체 회복. 현금 50% =   │
  │        │      │                              │ 기회비용.                 │
  ├────────┼──────┼──────────────────────────────┼───────────────────────────┤
  │ Bear   │ 25%  │ CPI 상회(유가發) + Warsh 매파│ 10Y 4.5% 돌파 → AI·반도체 │
  │        │      │ SEP 인하 0회 + 이스라엘 이란│ 멀티플 압축. SK하이닉스   │
  │        │      │ 직접 공격 + USD/KRW 1,580↑  │ 25.5% 최대 리스크. KODEX  │
  │        │      │ + SpaceX 직후 패시브 매도   │ AI전력 -20% 이탈 가능.    │
  └────────┴──────┴──────────────────────────────┴───────────────────────────┘

  확률 합: 100% (Base 55 + Bull 20 + Bear 25)

━━━━━━━━━━━━━━━━━━━━━━━━━━━━━━━━━━━━━━━━━━━━━━━━
시나리오별 섹터·자산 영향
━━━━━━━━━━━━━━━━━━━━━━━━━━━━━━━━━━━━━━━━━━━━━━━━

  ┌──────────────┬──────────┬──────────┬──────────┐
  │ 자산군       │ Base     │ Bull     │ Bear     │
  ├──────────────┼──────────┼──────────┼──────────┤
  │ 반도체       │  →      │  ++     │  --      │
  │ AI 전력      │  -       │  +      │  --      │
  │ 빅테크(US)  │  →      │  +      │  -       │
  │ 안전자산(금)│  +       │  -      │  ++      │
  │ 원화 자산    │  -       │  +      │  --      │
  │ USD 자산     │  +       │  -      │  ++      │
  └──────────────┴──────────┴──────────┴──────────┘

━━━━━━━━━━━━━━━━━━━━━━━━━━━━━━━━━━━━━━━━━━━━━━━━
섹터별 진단
━━━━━━━━━━━━━━━━━━━━━━━━━━━━━━━━━━━━━━━━━━━━━━━━

  반도체 (32%):
    32% 노출은 현 매크로 리스크(매파 FOMC + 강달러 + SpaceX siphon) 대비
    과중. SK하이닉스 25.5% 단독 비중은 종목 집중과 거시 리스크가 중첩.

  AI 전력 (1.9%):
    KODEX AI전력핵심설비 -16.76% / 20일 -30.39% 깊은 손실. 추가 매수보다
    손실 한도 점검 우선. 6/17 FOMC 이후 재평가.

  빅테크 US (2.2% NVDA + 6.7% 인덱스):
    NVDA는 환율 버퍼 역할. SpaceX IPO 직후 패시브 매도 영향 단기 노출,
    Rubin SOCAMM 루머 미해소 리스크.

  안전자산 (0.01%):
    금현물(ACE 411060) 20일 -2.2% 약세이나 Bear 시나리오 25% 대비 헤지
    후보로 유효. VIX 16 안정 구간에서 분할 진입 검토 가치.

  원화 자산:
    USD/KRW 1,558원에서 KRW 자산 추가 환손실 위험. KR 39.2% 비중에서
    반도체 외 종목도 점검 필요.

━━━━━━━━━━━━━━━━━━━━━━━━━━━━━━━━━━━━━━━━━━━━━━━━
포트폴리오 권고 (개별 종목 매매 없음)
━━━━━━━━━━━━━━━━━━━━━━━━━━━━━━━━━━━━━━━━━━━━━━━━

  현금 비중 조정:
    →  현재 50.4% → 목표 50~52% 유지
       6/10 CPI · 6/17 FOMC 통과 전 드라이파우더 확보

  환헤지 (USD 익스포저, 현재 약 13~14%):
    →  US 인덱스 6.7% + USD 현금 + NVDA 유지 (환율 버퍼)
    →  1,560원 돌파 후 추가 USD 매수는 비권고 (고점 매수 위험)
    →  1,570원 외환 당국 개입 가능 구간 진입 시 USD 자산 일부 차익 실현

  섹터 리밸런싱:
    →  반도체 32% → 26~28% 축소 검토 (Bear 25% 대응)
    →  SK하이닉스 25.5% 단독 → 20% 이하 (종목+거시 중첩 리스크)
    →  AI 전력 1.9% 추가 매수 동결 (6/17 FOMC 후 재평가)
    →  금현물 0.01% → 2~3% 분할 진입 (Bear 헤지)
    →  US 인덱스 6.7% 유지 (환율 버퍼)

  후속 mode 추천:
    →  /open-sesame [mode: rebalance][question: SK하이닉스 25.5% 축소
       경로와 금현물 2~3% 진입 비중 구체화]
    →  /open-sesame [mode: single][분석 대상: KODEX AI전력핵심설비
       (487240)][question: 손실 한도·홀딩 vs 정리 의사결정]

━━━━━━━━━━━━━━━━━━━━━━━━━━━━━━━━━━━━━━━━━━━━━━━━
임박 이벤트 캘린더 (event-driven trigger)
━━━━━━━━━━━━━━━━━━━━━━━━━━━━━━━━━━━━━━━━━━━━━━━━

  ┌──────────┬──────────────────────────┬────────────────────┬───────────────────────────┐
  │ 날짜     │ 이벤트                    │ 주목 변수          │ 발생 시 액션              │
  ├──────────┼──────────────────────────┼────────────────────┼───────────────────────────┤
  │ 6/10     │ 미국 5월 CPI (KST 21:30) │ 헤드라인 vs 컨센, │ 상회 → 반도체 추가 매도   │
  │          │                          │ 유가發 상방 surprise│ + 10Y 4.5% 모니터.        │
  │          │                          │ 코어 둔화 지속     │ 둔화 → FOMC 비둘기 베팅   │
  │          │                          │                    │ 단계적 진입.              │
  ├──────────┼──────────────────────────┼────────────────────┼───────────────────────────┤
  │ 6/12     │ SpaceX IPO 본격화        │ 패시브 $950B 리밸 │ 일제 급락 시 NVDA 추가매수│
  │          │ ($75B 모집 · $1.75T)     │ 런싱 실강도        │ 보류, 반도체 축소 가속.   │
  │          │                          │ 빅테크·NVDA 수급  │                           │
  ├──────────┼──────────────────────────┼────────────────────┼───────────────────────────┤
  │ 6/17     │ FOMC + SEP               │ 동결 여부, 점도표 │ 매파 SEP(인하 0회) →     │
  │          │ (Warsh 신임 첫 회의)     │ 인하 횟수, Warsh   │ 반도체 축소+금현물 헤지   │
  │          │                          │ 첫 발언 톤         │ 진입. 비둘기 톤 →         │
  │          │                          │                    │ 현금 일부 → 빅테크/반도체 │
  ├──────────┼──────────────────────────┼────────────────────┼───────────────────────────┤
  │ 6/25     │ 미국 5월 PCE             │ 코어 PCE 2.0%     │ 상회 → 강달러 가속,      │
  │          │                          │ FOMC 직후 톤 재확인│ USD/KRW 1,580↑ 대응.     │
  │          │                          │                    │ 하회 → KRW 자산 반등 기회│
  ├──────────┼──────────────────────────┼────────────────────┼───────────────────────────┤
  │ 7/2      │ 미국 6월 NFP (7/4 휴일   │ 고용 둔화 여부,    │ 둔화 → 7월 FOMC 인하 기대│
  │          │ 조정 발표)                │ Warsh 비둘기 전환  │ 형성 → AI·반도체 재진입   │
  │          │                          │ 명분 형성 가능성   │ 시그널.                   │
  └──────────┴──────────────────────────┴────────────────────┴───────────────────────────┘

━━━━━━━━━━━━━━━━━━━━━━━━━━━━━━━━━━━━━━━━━━━━━━━━
출처 (WebSearch 검증)
━━━━━━━━━━━━━━━━━━━━━━━━━━━━━━━━━━━━━━━━━━━━━━━━

- 미국 CPI 발표 일정 (6/10): investing.com, earlyhong.com
- FOMC 6/16-17, SEP·점도표 메커니즘: federalreserve.gov, finance.yahoo.com
- Powell → Kevin Warsh 의장 교체, 시장 동결 확률 65~96%: yahoo.com (Fed live), polymarket.com
- 3월 SEP 매파 기조 (인플레↑, GDP↓): ishares.com, americancentury.com
- USD/KRW 1,539~1,558, 2009년 3월 이후 최고: investing.com (kr.investing.com),
  kbthink.com (2026 환율 전망), tradingeconomics.com
- US 10Y 4.48%, VIX 16.05: cnbc.com (US10Y), streetstats.finance (VIX)
- 중동 긴장 (이란 쿠웨이트 공항 공격, 이스라엘 추가 공격 준비): 환율 검색 결과 인용
