분석일시: 2026-06-02
모드: scan
분석대상: 삼성전기 (009150, KR / 신규 진입 검토)

━━━━━━━━━━━━━━━━━━━━━━━━━━━━━━━━━━━━━━━━━━━━━━━━
사용자 질문
━━━━━━━━━━━━━━━━━━━━━━━━━━━━━━━━━━━━━━━━━━━━━━━━
이 주식은 어때? 많이 내렸는데 신규 진입 기회인가?

━━━━━━━━━━━━━━━━━━━━━━━━━━━━━━━━━━━━━━━━━━━━━━━━
포트폴리오 컨텍스트 (분석 대상 기준, 2026-06-02)
━━━━━━━━━━━━━━━━━━━━━━━━━━━━━━━━━━━━━━━━━━━━━━━━

  종목 (티커)                   | 관계     | 비고
  ───────────────────────────────────────────────────────────────
  SK하이닉스 (000660)           | 기보유   | 반도체 집중도 ①
  삼성전자 (005930)             | 기보유   | 반도체/삼성 집중도 ②
  KODEX 반도체 (091160)         | 기보유   | 반도체 집중도 ③ (ETF 중복)
  KODEX AI전력핵심설비 (487240) | 기보유   | AI 인프라 노출 보유 중
  삼성전기 (009150)             | 미보유   | 현재가 1,825,000원 | 20d: +98.80%

  현금 비중: 48.5% (신규 진입 여력 충분)
  섹터 집중도: KR 반도체/전자부품 집중 경고 (기보유 3종목)
  환율 (USD/KRW): 1,514.62

━━━━━━━━━━━━━━━━━━━━━━━━━━━━━━━━━━━━━━━━━━━━━━━━
⚠️ 팩트 정정 — 사용자 전제 불일치
━━━━━━━━━━━━━━━━━━━━━━━━━━━━━━━━━━━━━━━━━━━━━━━━

사용자가 "많이 내렸다"고 판단하셨으나, 실제 데이터는 반대입니다.

  현재가:       1,825,000원
  20일 전:        918,000원
  20일 수익률:    +98.80%  ← 20일 만에 약 2배 급등
  52주 고점:    2,192,000원
  52주 저점:      120,200원
  현재 위치:    52주 고점 대비 -16.7% (고점에서의 단기 조정)

"많이 내렸다"는 인식은 52주 고점(2,192,000원) → 현재(1,825,000원)의 약 -17% 조정에서
비롯된 것으로 보입니다. 그러나 이 주식은 20일 전 918,000원에서 거의 2배 급등한 이후의
고점 근방 조정 구간입니다. 신규 진입 "저점"이 아니라 급등 후 고점 조정 국면입니다.

━━━━━━━━━━━━━━━━━━━━━━━━━━━━━━━━━━━━━━━━━━━━━━━━
시황, 기업 현황 분석 및 팩트체크
━━━━━━━━━━━━━━━━━━━━━━━━━━━━━━━━━━━━━━━━━━━━━━━━

분석 내용
    ① Q1 2026 실적: 매출 3조 2,091억원 (+17.2% YoY), 영업이익 2,806억원 (+39.9% YoY)
       — 어닝 서프라이즈 확인, AI 서버향 수요 실적 반영 시작
    ② KB증권 목표주가 220만원 상향 (기존 160만원)
       — AI 서버 MLCC/FCBGA 수요 구조적 성장을 목표가에 반영
    ③ SK증권: "MLCC + FCBGA 동시 보유 세계 유일 기업"
       — 경쟁사(TDK, 무라타) 대비 차별적 포지션 인정
    ④ AI 서버 보드당 MLCC 탑재 수 급증 → 위성·네트워크 장비 수요 확장 전망
    ⑤ 5/29 외부 분석: "52주 고점 근처, 즉시 매도 또는 관망 권고"
       — 단기 과열 신호로 해석, 추가 상승 여력 제한 의견 다수
    ⑥ 현 주가는 52주 범위(120,200원 ~ 2,192,000원)의 상단 83% 위치
    ⑦ 반도체/삼성그룹 섹터 집중도: 삼성전기 진입 시 삼성전자·SK하이닉스·
       KODEX 반도체에 이어 동일 섹터 4중 노출 발생

━━━━━━━━━━━━━━━━━━━━━━━━━━━━━━━━━━━━━━━━━━━━━━━━
신호 스코어링 (ADVISOR.md 기준)
━━━━━━━━━━━━━━━━━━━━━━━━━━━━━━━━━━━━━━━━━━━━━━━━

  신호                     | 점수 | 근거
  ───────────────────────────────────────────────────────────────
  nvidia_guidance_up       |  +25 | NVIDIA AI 서버 CapEx 지속 → MLCC/FCBGA 구조적 수혜 (간접)
  short_interest_high      |  -15 | 2배 급등 + 52주 고점 근방 → 공매도 유입 가능성 증가
  analyst_downgrade_3      |   0  | 반대 (업그레이드): 악재 신호 미발동, 중립 처리
  fomo_day (관찰)          |   0  | 단일일 +5% 기준 미확인 → 공식 차감 미적용,
                           |      | 단 20일 누적 +98.80% → 과열 구간 진입 위험 별도 명기
  ───────────────────────────────────────────────────────────────
  합산                     |  +10 | 중립 (매수 신호 미발동 — 과열 위험 구간)

━━━━━━━━━━━━━━━━━━━━━━━━━━━━━━━━━━━━━━━━━━━━━━━━
스캔 결과 — 신규 진입 후보 평가
━━━━━━━━━━━━━━━━━━━━━━━━━━━━━━━━━━━━━━━━━━━━━━━━

theme: AI 인프라 전자부품 (MLCC / FCBGA) — 사용자 지목 종목 검토 + 대안

portfolio_context:
  KR 반도체/전자 섹터 이미 3종목 집중 (SK하이닉스, 삼성전자, KODEX 반도체)
  현금 48.5% → 신규 진입 여력은 있으나 섹터 분산 필요

┌──────────────────────────────────────────────────────────────────┐
│ 후보 1: 삼성전기 (009150) — 사용자 요청 종목             우선순위: low│
│ 유형: 주식 / KR / ISA·RP 적합                                     │
│ 현재가: 1,825,000원  |  20일 수익률: +98.80%  |  52주 고점: 2,192,000원│
├──────────────────────────────────────────────────────────────────┤
│ 선정 근거:                                                        │
│   - MLCC + FCBGA 동시 보유 세계 유일 기업                        │
│   - Q1 영업이익 +39.9% YoY, 실적 모멘텀 유효                    │
│   - KB증권 목표주가 220만원 상향 — 애널리스트 커버리지 긍정적   │
│   - AI 서버 수요 구조적 성장 → MLCC 단가 상승 여지              │
│                                                                   │
│ 리스크:                                                           │
│   ① 52주 고점(2,192,000원) 근방 — 추가 상승 여력 제한           │
│   ② 20일 +98.80% 급등 이후 고점 조정 중 — 저점 매수 전제 불성립│
│   ③ 삼성전자 지분 구조로 삼성 그룹리스크 연동                   │
│   ④ 반도체/전자 섹터 4중 집중 위험 (기보유 3종목 + 삼성전기)   │
│                                                                   │
│ 신호 스코어: +10 (중립)                                          │
│ 추천 계좌: ISA (국내 주식 비과세 한도 활용)                      │
└──────────────────────────────────────────────────────────────────┘

┌──────────────────────────────────────────────────────────────────┐
│ 후보 2: TTE (TIGER 글로벌혁신블루칩액티브)    우선순위: medium   │
│ 유형: ETF / KR 상장 (미국 기업 편입) / ISA 적합                 │
│ 선정 근거:                                                        │
│   - AI 인프라 테마 분산 노출 (반도체 단일 집중 회피)             │
│   - 삼성전기 대신 AI 밸류체인 전체 커버 → 섹터 리스크 분산      │
│ 리스크: 환노출형 → 원화 강세 시 수익 감소                       │
└──────────────────────────────────────────────────────────────────┘

┌──────────────────────────────────────────────────────────────────┐
│ 후보 3: ACE KRX금현물 (411060) — 분산 헷지 대안  우선순위: low  │
│ 유형: ETF / KR / ISA·IRP 적합                                    │
│ 선정 근거:                                                        │
│   - 반도체 집중 포트폴리오의 방어적 분산 수단                    │
│   - 현금 48.5%의 일부를 실물 금 ETF로 전환 시 반도체 下 헷지    │
│   - 포트폴리오 관점에서 삼성전기보다 현실적 필요                 │
│ 리스크: 금리 상승 환경에서 기회비용 발생                        │
└──────────────────────────────────────────────────────────────────┘

제외:
  - 삼성전자 (005930): 이미 보유
  - SK하이닉스 (000660): 이미 보유
  - KODEX 반도체 (091160): 이미 보유

━━━━━━━━━━━━━━━━━━━━━━━━━━━━━━━━━━━━━━━━━━━━━━━━
최종 판단
━━━━━━━━━━━━━━━━━━━━━━━━━━━━━━━━━━━━━━━━━━━━━━━━
  action:     관망 (watch)
  confidence: 73%

  bull_case:
    1. MLCC + FCBGA 동시 보유 세계 유일 → AI 서버 기판당 부품 수요 증가로 구조적 수혜 가시화
    2. Q1 2026 영업이익 +39.9% YoY — 어닝 서프라이즈 확인, KB증권 목표주가 220만원 상향
    3. 현금 48.5%로 신규 진입 여력 충분 — 조정 후 타이밍 포착 시 즉시 실행 가능
    4. AI 인프라 CapEx 지속 → MLCC 교체 주기 단축·단가 상승 여지, 중장기 EPS 성장 전망

  bear_case:
    1. 20일 +98.80% 급등 후 고점 조정 — "내렸다"는 인식은 고점 대비 -17%지만 절대적 고점 근방
    2. 52주 저점(120,200원) 대비 +1,418% 상승 → 실적 모멘텀이 이미 상당 부분 주가에 반영
    3. 반도체 섹터 4중 집중: 삼성전자·SK하이닉스·KODEX 반도체 기보유 상태에서 추가 집중 위험
    4. 5/29 외부 분석 "고점 근처, 즉시 매도 또는 관망 권고" — 단기 추가 조정 가능성 시사

  uncertainties:
    - AI 서버 MLCC 수요의 증가 속도와 지속 기간 (구조적 성장 vs 사이클 고점)
    - 중국 경쟁사(TDK, 무라타) FCBGA 시장 진입 가능성 및 시점
    - 52주 고점(2,192,000원) 재돌파 여부와 시점 미확인
    - 외부 분석의 관망 권고 기간·조건 미공개 ※ 확인 필요

  risks:
    - 고점 진입 시 -25%~-30% 추가 조정 가능 (과거 유사 급등 종목 패턴)
    - 삼성전기 진입 시 삼성 그룹리스크 + 반도체 동반 하락 시 포트폴리오 전체 타격
    - 급등 이후 차익실현 물량 출회 — 단기 변동성 확대 구간 지속 가능성

  entry_or_exit:
    조건부 진입: 1,500,000원 이하 조정 확인 시 (현 고점 대비 -31% 수준)
    또는: Q2 2026 잠정실적 (+35% YoY 이상) 확인 후 분할 매수 1회차
    현재가 1,825,000원 즉시 진입은 권고하지 않음

  next_trigger:
    ① 1,500,000원 이하 단기 조정 시 신규 진입 1차 재검토 (현재가 대비 -18%)
    ② Q2 2026 잠정실적 발표 시 영업이익 +35% 이상 유지 여부 확인
    ③ KB증권 목표주가 추가 상향 또는 AI 서버 수주 공시 확인 시 조기 진입 근거 재평가
    ④ 포트폴리오 내 반도체 비중 축소 (삼성전자 또는 SK하이닉스 일부 매도) 후 재검토

  next_step: 조건 충족 시 [mode: single] 재분석 권장

━━━━━━━━━━━━━━━━━━━━━━━━━━━━━━━━━━━━━━━━━━━━━━━━
에이전트 보충 의견
━━━━━━━━━━━━━━━━━━━━━━━━━━━━━━━━━━━━━━━━━━━━━━━━
"많이 내렸는데 신규 진입 기회인가?"에 대한 솔직한 답:

전제가 틀렸습니다. 삼성전기는 20일 전 918,000원에서 현재 1,825,000원으로
거의 2배 급등한 상태입니다. 현재 1,825,000원은 "내린 것"이 아니라
52주 고점(2,192,000원) 대비 약 -17% 조정된 수준입니다.

삼성전기 자체의 펀더멘털(MLCC + FCBGA 구조적 수혜, Q1 어닝 서프라이즈)은 긍정적입니다.
그러나 지금 진입하면:
  1. 20일 2배 급등 이후 고점 근방에서 매수하는 것
  2. 반도체/삼성 섹터를 4중으로 집중하는 것

테마는 맞습니다. 타이밍이 문제입니다.
1,500,000원 이하 조정 또는 Q2 실적 확인 이후가 훨씬 유리한 진입 구간입니다.
