분석일시: 2026-05-26
모드: rebalance
분석대상: KR 주식 전체

━━━━━━━━━━━━━━━━━━━━━━━━━━━━━━━━━━━━━━━━━━━━━━━━
사용자 질문
━━━━━━━━━━━━━━━━━━━━━━━━━━━━━━━━━━━━━━━━━━━━━━━━
한국 주식을 일부 매도하려는데, 우선순위는 어떻게 두어야 할까?

━━━━━━━━━━━━━━━━━━━━━━━━━━━━━━━━━━━━━━━━━━━━━━━━
포트폴리오 컨텍스트 (2026-05-26)
━━━━━━━━━━━━━━━━━━━━━━━━━━━━━━━━━━━━━━━━━━━━━━━━

  종목 (티커)                      | 수량 | 계좌 | 평단(원)   | 현재가(원)  | 수익률(%)  | 20일 수익률(%)
  ─────────────────────────────────────────────────────────────────────────────────────────
  SK하이닉스 (000660)              |  ** | ISA  |   768,347  |  2,077,000 |  +170.3%  |   +70.0%
  KODEX 반도체 (091160)            |  ** | RP   |    84,446  |    163,280 |   +93.3%  |   +36.5%
  KODEX 반도체 (091160)            |  ** | ISA  |    74,213  |    163,280 |  +120.1%  |   +36.5%
  삼성전자 (005930)                |  ** | RP   |   167,835  |    302,000 |   +79.9%  |   +37.6%
  KODEX AI전력핵심설비 (487240)    | ** | RP   |    52,082  |     55,270 |    +6.1%  |   +21.9%
  PLUS 글로벌휴머노이드로봇 (0035T0)| ** | RP   |    21,795  |     25,710 |   +18.0%  |   +25.1%
  ACE KRX금현물 (411060)           |  ** | RP   |    34,865  |     **,*** |   -13.2%  |    -2.6%
  ─────────────────────────────────────────────────────────────────────────────────────────

  KR 주식 평가액 합계:  ***,***,***원 (총자산 ~***,***,***원 대비 40.7%)
  현금:                 ***,***,***원 (49.0%)
  환율 (USD/KRW):       1,507.08원

  반도체 섹터 (KR 주식 내):
    SK하이닉스  ***,***,***원 (62.5%)
    KODEX반도체 RP  **,***,***원 (6.8%)
    KODEX반도체 ISA   **,***,***원 (3.2%)
    삼성전자       **,***,***원 (4.3%)
    반도체 소계 ***,***,***원 → KR 주식 내 76.7% / 총자산 내 31.3%

━━━━━━━━━━━━━━━━━━━━━━━━━━━━━━━━━━━━━━━━━━━━━━━━
포트폴리오 리스크 진단
━━━━━━━━━━━━━━━━━━━━━━━━━━━━━━━━━━━━━━━━━━━━━━━━

【리스크 1】반도체 섹터 76.7% 집중 (임계치 50% 대비 +26.7%p 초과)
  KR 주식 내 반도체 비중이 76.7%로 ADVISOR.md 50% 한도를 26.7%p 초과한다.
  5월 이후 반도체 전 종목 20일 수익률 +36~+70% 급등으로 자연적 비중 팽창이 발생했다.
  SK하이닉스 1종목이 총자산의 25.4%를 차지하며 30% 임계치에 4.6%p 내로 접근 중이다.
  추가 상승 시 단 1종목이 총자산의 30%를 초과하는 임계 상황이 발생한다.

【리스크 2】SK하이닉스 ISA 미실현이익 **,***,***원 → ISA 비과세 한도 초과 구간 진입 확실
  취득원가 기준 이익: (2,077,000 - 768,347) × ** = **,***,***원
  ISA 서민형 비과세 한도 400만원은 이미 소진된 상태이다.
  현재 이익 중 약 **,***,***원이 9.9% 분리과세 구간에 해당한다.
  세금 추정: **,***,*** × 9.9% ≈ **,***,***원 (현재 시점 매도 시)
  단, ISA 계좌에서 주식을 매도해도 '계좌 내 실현손익'으로 처리되므로
  ISA 해지 시점까지 과세이연되는 구조임을 유의할 것.

【리스크 3】단기 과열 신호 — 20일 수익률 +70% (SK하이닉스)
  SK하이닉스 20일 수익률 +70.0%는 단기 급등으로 되돌림 위험 구간이다.
  삼성전자 +37.6%, KODEX 반도체 +36.5%도 동시에 고점권에 위치한다.
  2026-05-28 한국은행 금리결정 + 미국 PCE 발표 이중 이벤트 리스크가 이틀 후로 임박했다.
  ※ KOSPI 당일 지수 미확인 (API 미응답). KOSPI 데이터 확인 후 최종 타이밍 결정 권장.

━━━━━━━━━━━━━━━━━━━━━━━━━━━━━━━━━━━━━━━━━━━━━━━━
매도 우선순위
━━━━━━━━━━━━━━━━━━━━━━━━━━━━━━━━━━━━━━━━━━━━━━━━

──────────────────────────────────────────────────────────────
우선순위 1위 — KODEX 반도체 ISA (091160, ISA 계좌)
──────────────────────────────────────────────────────────────
  보유: **주 / 현재가 163,280원 / 평가액 **,***,***원 / 수익률 +120.1%
  제안 수량: **주 전량 (**,***,***원)

  매도 이유 (3가지):
  1. ISA 절세 공간 비효율 — ISA 계좌 내 SK하이닉스와 동일 섹터 중복 보유.
     ISA 희소 납입 한도 (연간 2,000만원)를 단순 섹터 중복에 사용하는 것은
     세금 효율 관점에서 낭비다. KODEX 반도체 노출은 RP 계좌 **주로 충분하다.
  2. 동일 ETF 이중 계좌 정리 — RP **주 + ISA **주 합산 총 **주. RP분 유지로 충분.
  3. KODEX 반도체 20일 +36.5% 고점권 — ISA에서 먼저 이익 실현 후 재납입 여력 확보.

  세금 처리:
  - ISA 계좌이므로 매도 시 즉시 양도소득세 없음.
  - ISA 계좌 내 손익은 해지 시점에 합산 과세. (현재는 세금 없음)
  - 거래세 0.18% (KOSPI ETF) 적용: **,***,*** × 0.18% ≈ *,***원
  - ISA 계좌 내 자금 유지 시 연간 한도 복구 없음 → 매도 후 ISA 내 다른 자산 배치 가능.

──────────────────────────────────────────────────────────────
우선순위 2위 — KODEX 반도체 RP 일부 (091160, RP 계좌)
──────────────────────────────────────────────────────────────
  보유: **주 / 현재가 163,280원 / 평가액 **,***,***원 / 수익률 +93.3%
  제안 수량: 20~**주 (30~50% 부분 매도 / **,***,***원 ~ **,***,***원)

  매도 이유:
  1. 섹터 집중도 완화 — 1순위 매도 후에도 반도체 비중이 여전히 높을 경우 추가 조정 필요.
     ISA분 전량 정리 후 RP분 **주 매도 시 반도체 소계:
     SK하이닉스 ***,***,*** + KODEX반도체RP **주×163,280 + 삼성전자 **,***,***
     = ***,***,*** + **,***,*** + **,***,*** = ***,***,***원
     → KR 주식 내 반도체 비중 ≈ 74% (여전히 높음, 그러나 삼성전자는 유지 이유 있음)
  2. RP 계좌 거래세 0.18% 발생 — 세금 최소화 관점에서 ISA 정리 후 보조 매도.

  세금 처리:
  - RP(일반주식계좌) 소액주주: 양도소득세 없음 (국내 상장주식).
  - 거래세 0.18%: **주 기준 **,***,*** × 0.18% ≈ *,***원

  ※ 수량 조정 기준: SK하이닉스 30% 임계치 관리가 최우선. RP 내 다른 종목 정리를
    선행한 후에도 반도체 비중이 70% 초과이면 추가 감량.

──────────────────────────────────────────────────────────────
우선순위 3위 — KODEX AI전력핵심설비 RP 일부 (487240, RP 계좌)
──────────────────────────────────────────────────────────────
  보유: **주 / 현재가 55,270원 / 평가액 **,***,***원 / 수익률 +6.1%
  제안 수량: 50~**주 (30~45% 부분 매도 / 2,763,500원 ~ **,***,***원)

  매도 이유:
  1. 수익률 수준 상대적 저조 — 20일 수익률 +21.9%이나 취득원가 대비 실현이익 +6.1%로
     다른 종목 대비 현저히 낮음. 보유 기간 대비 이익 기여가 작다.
  2. 반도체 대비 섹터 중요도 — AI 전력은 반도체 보완재이나, 현재 포트폴리오에서
     리밸런싱 재원 마련이 필요할 경우 수익률이 낮은 종목부터 정리가 합리적.
  3. RP 계좌 포지션 크기 조정 — RP 내 KODEX반도체 일부 매도 후에도 AI전력이
     **주(9.7M) 규모를 유지하면 RP 내 단일 비중이 과다.

  세금 처리:
  - RP(일반주식계좌) 소액주주: 양도소득세 없음.
  - 거래세 0.18%: **주 기준 **,***,*** × 0.18% ≈ *,***원

  ※ 단, AI 전력 인프라 테마 확신이 강하다면 유보 가능. 이 경우 RP KODEX 반도체를
    더 적극적으로 감량하는 것이 대안이다.

──────────────────────────────────────────────────────────────
우선순위 4위 — ACE KRX금현물 RP 전량 (411060, RP 계좌)
──────────────────────────────────────────────────────────────
  보유: **주 / 현재가 **,***원 / 평가액 **,***원 / 수익률 -13.2%
  제안 수량: **주 전량 (**,***원)

  매도 이유:
  1. 포지션 규모 무의미 — **주 **,***원은 총자산 ***억 대비 0.008%.
     헤지 효과가 전혀 없으며 포트폴리오에 실질 기여가 없다.
  2. 손실 확정 가능 — -13.2% 손실이지만 금액이 *,***원 손실에 불과.
     손실 확정 후 포지션 정리가 관리 단순화에 유리.

  세금 처리:
  - RP(일반주식계좌) 소액주주: 양도소득세 없음.
  - 손실 실현: -*,***원 (세금 이슈 없음, 금액 미미)
  - 거래세 0.18%: **,*** × 0.18% ≈ 55원

━━━━━━━━━━━━━━━━━━━━━━━━━━━━━━━━━━━━━━━━━━━━━━━━
매도 금지 종목
━━━━━━━━━━━━━━━━━━━━━━━━━━━━━━━━━━━━━━━━━━━━━━━━

【매도 금지 1】SK하이닉스 (000660, ISA 계좌) — 핵심 보유 종목
  이유:
  - ISA 계좌는 비과세+분리과세 구조로 가장 세금 효율적인 계좌이며,
    SK하이닉스는 이 계좌의 핵심 보유 종목이다.
  - 20일 수익률 +70.0%는 단기 과열 신호이나, SK증권 목표가 500,000원 (5월 상향),
    HBM 사이클 지속 및 AI 인프라 투자 트렌드 유효.
  - 총자산 내 비중 25.4%로 30% 임계치에 4.6%p 미도달. 추가 상승 전까지 유지.
  - 매도 트리거 (조건 충족 시 재검토):
    ① SK하이닉스 단일종목 총자산 30% 초과 시
    ② DRAM 가격 2개월 연속 하락 신호 확인 시
    ③ 목표가 500,000원 달성 후 추가 상향 없을 경우

【매도 금지 2】삼성전자 (005930, RP 계좌) — 목표가 상향 모멘텀 존재
  이유:
  - SK증권 목표가 400,000원 → 500,000원 상향 (2026년 5월 확인).
  - 현재가 302,000원으로 목표가 대비 65.6% 상승 여력 존재.
  - RP 계좌에서 소액주주로 양도소득세 없음. 보유 비용이 낮다.
  - 2026-07-08 삼성전자 2분기 잠정실적 발표(추정) 전까지 보유가 합리적.
  - 평가액 **,***,***원 (총자산 1.7%) — 비중이 낮아 집중 리스크 없음.

【매도 금지 3】PLUS 글로벌휴머노이드로봇 (0035T0, RP 계좌) — 소규모 테마 보유
  이유:
  - 평가액 **,***,***원 (총자산 0.6%). 비중이 작아 집중 리스크 없음.
  - 20일 수익률 +25.1%, 수익률 +18.0%로 반도체 다음 모멘텀 유지 중.
  - 휴머노이드 로봇 테마는 반도체와 상관관계가 낮은 분산 포지션.
  - 매도 시 RP 계좌에서 즉시 실현해야 하며 재진입 시 호가 불확실성 있음.

━━━━━━━━━━━━━━━━━━━━━━━━━━━━━━━━━━━━━━━━━━━━━━━━
매도 후 목표 포트폴리오 / 다음 리뷰 시점
━━━━━━━━━━━━━━━━━━━━━━━━━━━━━━━━━━━━━━━━━━━━━━━━

■ 시나리오 A — 최소 조정 (1순위만 실행)
  KODEX 반도체 ISA **주 전량 매도 (**,***,***원)

  실행 후 반도체 소계:
    SK하이닉스(ISA)  ***,***,***
    KODEX반도체(RP)   **,***,***
    삼성전자(RP)       **,***,***
    소계             ***,***,***원

  KR 주식 잔여 합계 ≈ ***,***,***원 (금현물 제외 기준)
  → 반도체 KR 주식 내 비중: ***,***,*** ÷ ***,***,*** ≈ 75.9%
    (여전히 임계치 초과. 섹터 비중 개선 효과 제한적)
    ISA 내 절세 구조 최적화 효과는 확실.

■ 시나리오 B — 적극 조정 (1~3순위 실행)
  KODEX 반도체 ISA **주 전량 (**,***,***원)
  KODEX 반도체 RP **주 (**,***,***원)
  KODEX AI전력 RP **주 (**,***,***원)
  ACE KRX금현물 **주 (**,***원)
  총 매도금액: 약 **,***,***원

  실행 후 KR 주식:
    SK하이닉스(ISA)     ***,***,***
    KODEX반도체(RP)      **,***,***  (**주 잔여)
    삼성전자(RP)          **,***,***
    KODEX AI전력(RP)     5,305,920  (**주 잔여)
    PLUS 휴머노이드(RP)   **,***,***
    KR 주식 합계:       ***,***,***원

  → 총자산 대비 KR 주식 비중: ***,***,*** ÷ ~***,***,*** ≈ 30.5%
  → 반도체 KR 주식 내 비중:
    (***,***,*** + **,***,*** + **,***,***) ÷ ***,***,*** ≈ 93.6%
    (주의: 삼성전자 포함 시 반도체 비중이 극단적으로 보임)
    단, SK하이닉스 포함 반도체 총액 ***,***,***원은 총자산의 28.6%로 관리 가능 수준.
  → 현금 비율: (***,***,*** + **,***,***) ÷ ~***,***,*** ≈ 50.8%

  ※ KR 주식 감량 후 남는 현금은 발행어음(CMA)으로 운용하거나
    ISA 계좌 내 미국 지수 ETF 배치 검토 (TIGER 미국나스닥100 등).

■ 목표 포트폴리오 비중 (시나리오 B 실행 후)
  구분               | 현재        | 목표
  총자산 내 KR 주식  | 40.7%       | 30~33%
  총자산 내 US 주식  | ~10.3%      | 10~12% (유지)
  총자산 내 현금     | 49.0%       | 52~55% (일시적 증가, 재배치 대기)
  KR 주식 내 반도체  | 76.7%       | 75% 미만 (삼성전자 포함)
  단일종목 SK하이닉스| 25.4% (총자산) | 25% 이하 유지

■ 매도 타이밍 고려사항
  - 2026-05-28 한국은행 금리 결정 (현 2.50%) 이전 매도 완료 권장.
  - 금리 동결 → KRW 강세 → 수출주(반도체) 소폭 부담 가능.
  - 금리 인하 → 증시 상승 → 매도 기회 확대 (단, 과열 연장 주의).
  - 2026-05-28 미국 PCE 발표: 예상치 상회 시 KOSPI 동반 조정 가능.
  - → 이벤트 전 1~2순위 매도 완료, 3순위는 이벤트 후 결과 확인 후 실행 권장.

━━━━━━━━━━━━━━━━━━━━━━━━━━━━━━━━━━━━━━━━━━━━━━━━
다음 리밸런싱 검토 시점
━━━━━━━━━━━━━━━━━━━━━━━━━━━━━━━━━━━━━━━━━━━━━━━━

정기 검토: 2026-07-10 (삼성전자 2분기 잠정실적 발표 후)

조기 트리거 (도달 시 즉시 재검토):
  ① SK하이닉스 총자산 비중 30% 돌파 (현재가 기준: 2,077,000 × ** ÷ 총자산 = 25.4%)
     → 주가 약 2,448,000원 도달 시 30% 임계치 도달
  ② 반도체 섹터 KR 주식 내 비중 80% 초과
  ③ 2026-05-28 한국은행 금리 결정 서프라이즈 (인하 or 인상)
  ④ 2026-06-17 FOMC 결과 — 금리 동결 + 매파적 발언 시 US 비중 조정 재검토
  ⑤ KOSPI 당일 지수 확인 후 — 급락 시 매도 계획 일시 보류, 급등 시 즉시 실행
