분석일시: 2026-06-02
모드: single
분석대상: KODEX AI전력핵심설비 (487240, KR / RP 계좌)

━━━━━━━━━━━━━━━━━━━━━━━━━━━━━━━━━━━━━━━━━━━━━━━━
사용자 질문
━━━━━━━━━━━━━━━━━━━━━━━━━━━━━━━━━━━━━━━━━━━━━━━━
많이 하락했는데 추가매수할까? 왜 하락한 거야?

━━━━━━━━━━━━━━━━━━━━━━━━━━━━━━━━━━━━━━━━━━━━━━━━
포트폴리오 컨텍스트 (2026-06-02)
━━━━━━━━━━━━━━━━━━━━━━━━━━━━━━━━━━━━━━━━━━━━━━━━

  종목 (티커)                      | 수량 | 계좌 | 평단(원)  | 현재가(원) | 수익률(%) | 20일(%)
  ─────────────────────────────────────────────────────────────────────────────
  KODEX AI전력핵심설비 (487240)    | ** |  RP  |  52,082   |  46,300    |   -11.1   |  -20.66

  현금 비중: 48.8% (현금 ***억원 + USD **,***)
  총자산: ***,***,***원
  환율: 1,515.75 KRW/USD
  ※ 손절선 48,000원 — 2026-05-28 이탈 확인, 이전 권고: **주 즉시 매도 (미이행)

━━━━━━━━━━━━━━━━━━━━━━━━━━━━━━━━━━━━━━━━━━━━━━━━
시황, 지정학 상황 분석 및 팩트체크
━━━━━━━━━━━━━━━━━━━━━━━━━━━━━━━━━━━━━━━━━━━━━━━━

① 하락 원인 — 3가지 (WebSearch 확인)

  A. 섹터 전반 차익실현 (구조적)
     5월 중순 이후 AI전력설비 섹터 20%대 급락.
     LS ELECTRIC -25.1%, HD현대일렉트릭 -24.9%, 효성중공업 -22.4%.
     고금리·고환율 환경에서 중장기 기대를 선반영한 고PER 테마주 특성상
     밸류에이션 부담이 임계점을 넘어 차익실현 매물이 확산됨.
     (출처: 다음뉴스 2026-05-20)

  B. LS ELECTRIC 정정공시 (직접 충격)
     2026-05-27: 수주총액 2조 3,782억 → 238억원 (100배 과대기재) 정정.
     ETF 내 LS ELECTRIC 비중이 높아 487240에 직접 타격.
     공시 신뢰성 훼손 → 섹터 전반 투자심리 악화.

  C. 한국은행 매파적 금통위 (매크로)
     2026-05-28: 5:2 동결, 점도표 대부분 금리 인상 지지.
     고PER 성장 테마 전반에 멀티플 압축 압력 추가.

② 구조적 테제 현황

  수요 측 (긍정): 미국 전력망 슈퍼사이클 지속.
    초고압 변압기 납기 2~3년 대기 중 — 공급 병목 구조적.
    LS ELECTRIC 북미 수주 지속: 데이터센터 1,700억원, $76M, $91.9M 계약 확인.
    AI 데이터센터 전력 수요는 훼손 없음.

  공급 측 (부정): LS ELECTRIC 공시 신뢰성 손상.
    실제 수주 규모 자체가 줄어든 게 아니라 기재 오류이나,
    기관 수급 회복까지 시간 필요. (※ 회복 시점 확인 필요)

③ 이전 보고서 권고 vs 현재 상황

  2026-05-28 권고: 손절선 48,000원 이탈 → **주 즉시 매도.
  현재 상태: **주 전량 보유 중 (-11.1%). 권고 미이행.
  현재가 46,300원 = 당시 권고 이후 추가 -600원 하락.

  중요: 손절선이 이미 이탈된 상태에서 추가매수를 검토하는 것은
  평단 낮추기(물타기) 전략임. 이것이 유효한지가 핵심 판단 포인트.

④ 추가매수 적합성

  찬성 근거:
    - 현금 48.8% > 40% → 매수 제약 없음
    - 20일 수익률 -20.66% → rec: buy 신호 충족
    - 총자산 대비 487240 비중 2.0% → 포트폴리오 내 비중 낮음
    - AI 전력 구조적 수요는 훼손 없음

  반대 근거:
    - 손절선(48,000원) 이탈 이후 추가매수 = 손절 원칙 무력화
    - 반등 촉매가 명확하지 않음 (※ 확인 필요)
    - 금리 방향성 불확실 (FOMC 6월 17일 전)
    - 섹터 수급 회복 시점 미확인

⑤ 매크로 리스크
  - FOMC 2026-06-17: 매파 발언 지속 시 고PER 섹터 추가 압박
  - 한은 7월 금통위: 인상 가능성 시 KR 전력 테마 추가 조정 리스크
  - 코스피 조정 미발생: 매수 신호(코스피 -15%) 미충족 → 적극 매수 트리거 없음

━━━━━━━━━━━━━━━━━━━━━━━━━━━━━━━━━━━━━━━━━━━━━━━━
신호 스코어링
━━━━━━━━━━━━━━━━━━━━━━━━━━━━━━━━━━━━━━━━━━━━━━━━

  신호                        | 점수  | 근거
  ──────────────────────────────────────────────────────────
  chg_20d ≤ -15% (buy rec)   | +15   | -20.66% — buy 조건 충족
  us_10y_above_4_5            |  -7   | 고금리 지속 우려, 임계선 근접
  analyst_downgrade_3         |   0   | 확인 불가 — 중립
  sector_disclosure_risk      | -15   | LS ELECTRIC 정정공시 수급 훼손
  stop_loss_breached          | -20   | 48,000원 손절선 이탈 (5/28 확인)
  ──────────────────────────────────────────────────────────
  합산                        | -27   | 중립 구간 하단 (-29~+29)

━━━━━━━━━━━━━━━━━━━━━━━━━━━━━━━━━━━━━━━━━━━━━━━━
최종 판단
━━━━━━━━━━━━━━━━━━━━━━━━━━━━━━━━━━━━━━━━━━━━━━━━
  action:      hold (추가매수 보류)
  confidence:  71%

  bull_case:
    1. AI 데이터센터 전력 수요 구조적 성장 — 미국 초고압 변압기
       납기 2~3년, 공급 병목 해소까지 수혜 지속.
    2. LS ELECTRIC 실제 수주는 유효 — 정정공시는 기재 오류이며
       수주 파이프라인 자체는 훼손 없음. 북미 계약 지속 확인.
    3. 현금 48.8% 충분 — 반등 촉매 확인 시 즉시 투입 여력 있음.
    4. 총자산 대비 2.0% 저비중 — 추가 편입 여지 있음.

  bear_case:
    1. 손절선(48,000원) 이미 이탈 — 추가매수는 손절 원칙 무력화.
       이전 권고(**주 매도) 미이행 상태에서 물타기는 리스크 확대.
    2. 반등 촉매 미확인 — 섹터 수급 회복 시점 불투명.
       단순 '많이 내렸다'는 이유만으로 매수하는 것은 FOMO의 역방향.
    3. 금리 리스크 미해소 — FOMC 6월, 한은 7월 결정 전
       고PER 테마에 추가 멀티플 압축 가능성.
    4. 코스피 조정 신호 미발생 — 포트폴리오 전체 매수 트리거
       (코스피 -15%) 충족 전 추가 매수는 사전 설정 원칙 위반.

  uncertainties:
    - LS ELECTRIC 기관 수급 회복 시점
    - FOMC 6월 점도표 방향성
    - 487240 ETF 내 구성종목 비중 변화 여부

  risks:
    - 물타기 진입 후 추가 하락 시 손실 규모 확대 (현 -11% → 잠재 -20%+)
    - 고금리 장기화 시 AI 전력 테마 멀티플 재평가 지속
    - 손절 원칙 이탈로 포트폴리오 규율 약화 누적

  entry_or_exit:
    추가매수 조건부 대기 — 아래 트리거 중 하나 충족 시 검토.
    현 상태에서 즉각 추가매수는 비권장.
    ※ 참고: 이전 권고(**주 매도)에 대한 실행 여부도 재검토 권장.

  next_trigger:
    ① FOMC 2026-06-17 → 금리 동결 + 비둘기 발언 확인 시
       고PER 섹터 멀티플 압축 완화 → 추가매수 1차 검토
    ② LS ELECTRIC 기관 순매수 3거래일 연속 확인 →
       공시 사태 수급 충격 흡수 판단 → 비중 확대 재검토
    ③ 코스피 현재 대비 -15% 이상 조정 →
       사전 설정 매수 트리거 발동, 현금 30% 투입
    ④ 487240 종가 43,000원 이하 추가 하락 →
       손절 원칙 재적용 여부 판단 (잔여 **주 처리 재검토)

━━━━━━━━━━━━━━━━━━━━━━━━━━━━━━━━━━━━━━━━━━━━━━━━
에이전트 보충 의견
━━━━━━━━━━━━━━━━━━━━━━━━━━━━━━━━━━━━━━━━━━━━━━━━

핵심 질문에 직접 답한다.

"추가매수할까?"에 대한 직접 답변: 지금은 아니다.

이유는 단순하다. 2026-05-28 보고서에서 손절선(48,000원) 이탈을 근거로
**주 즉시 매도를 권고했다. 그 권고가 아직 미이행 상태다.
손절선이 이탈된 종목에 추가 매수하는 것은 손절 규칙 자체를 무의미하게 만든다.

'많이 내렸다 = 매수 기회'는 구조적 테제가 살아 있을 때만 성립한다.
AI 전력 테마의 구조적 수요(미국 전력망, 데이터센터)는 훼손되지 않았다.
그러나 반등의 촉매가 지금 당장 없다는 점이 문제다.
금리 방향성도 불확실하고, LS ELECTRIC 수급 충격도 아직 진행 중이다.

지금 해야 할 것:
추가매수 검토 전에 이전 권고(**주 매도)를 먼저 실행할지 여부를
다시 판단하는 게 순서다. 손절선을 지킬 것인지, 아니면 구조적 테제를
믿고 보유를 전환할 것인지 — 이 두 가지 중 하나를 먼저 결정해야 한다.
두 가지 모두 합리적 선택이지만, 둘 다 하지 않은 채 추가매수만 하는 것은
리스크 관리 원칙을 훼손한다.
