분석일시: 2026-06-05 11:30 KST
모드: single
분석대상: 국내(KR) 보유 종목 전체 — RP / ISA / 연금 / IRP 계좌

⚠️ 본 보고서는 KR 장중(11:30) 스냅샷 기준입니다.
   가격은 종가가 아닌 장중 현재가이며, 15:30 종가와 다를 수 있습니다.
   US 보유 종목(GOOGL/NVDA/VOO/SMR)은 본 보고서 대상에서 제외합니다.

━━━━━━━━━━━━━━━━━━━━━━━━━━━━━━━━━━━━━━━━━━━━━━━━
사용자 질문
━━━━━━━━━━━━━━━━━━━━━━━━━━━━━━━━━━━━━━━━━━━━━━━━
2026-06-05 KR 장중(11:30) 보유 종목 시황 점검.
오전 코스피 -3.67% 급락 + 매도 사이드카 발동 환경에서
반도체(삼성/하이닉스/KODEX 반도체) 및 AI전력 포지션의
오후장 대응 우선순위를 식별하라.

━━━━━━━━━━━━━━━━━━━━━━━━━━━━━━━━━━━━━━━━━━━━━━━━
포트폴리오 컨텍스트 (분석 대상 기준, 2026-06-05 11:30)
━━━━━━━━━━━━━━━━━━━━━━━━━━━━━━━━━━━━━━━━━━━━━━━━

  종목 (티커)                              | 수량  | 계좌  | 평단(원)  | 현재가(원) | 시가比(%) | 평단대비(%) | 20일(%)
  ─────────────────────────────────────────────────────────────────────────────────────────────────────
  삼성전자 (005930)                        |  ** | RP    |  167,835  |   340,000  |  +1.95    |  +102.6     |  +25.2
  SK하이닉스 (000660)                      |  ** | ISA   |  768,347  | 2,168,000  |  +1.21    |  +182.2     |  +31.1
  KODEX 반도체 (091160)                    |  ** | RP    |   84,446  |   158,180  |  -0.52    |  +87.3      |  +11.3
  KODEX AI전력핵심설비 (487240)            | ** | RP    |   52,082  |    42,615  |  -4.66    |  -18.2      |  -31.6
  PLUS 글로벌휴머노이드로봇액티브 (0035T0) | ** | RP    |   21,795  |    24,510  |  -2.35    |  +12.5      |  +9.3
  ACE KRX금현물 (411060)                   |  ** | RP    |   34,865  |    30,360  |  +0.81    |  -12.9      |  -1.6
  TIGER 미국나스닥100 (133690)             |  ** | 연금  |  145,221  |   205,685  |  +0.22    |  +41.6      |  +11.7
  TIGER 미국나스닥100 (133690)             |  ** | IRP   |  165,294  |   205,685  |  +0.22    |  +24.4      |  +11.7
  TIGER 미국S&P500 (360750)                | ** | 연금  |   19,697  |    28,955  |  +0.64    |  +47.0      |  +9.1
  TIGER 미국S&P500 (360750)                |  ** | IRP   |   24,795  |    28,955  |  +0.64    |  +16.8      |  +9.1
  ACE 미국S&P500미국채혼합50 (438080)      |  ** | IRP   |   14,146  |    15,520  |  +1.44    |  +9.7       |  +7.6
  ACE 미국나스닥100미국채혼합50 (438100)   |  ** | IRP   |   15,135  |    17,100  |  +0.53    |  +13.0      |  +9.2

  지수(장중):
    KOSPI  : 8,322.34pt (시가 8,323.20 / 전일比 -3.67% / 시가比 -0.01% / 20d +11.1%)
    KOSDAQ : 1,017.21pt (시가 1,035.22 / 전일比 -3.10% / 시가比 -1.74% / 20d -15.2%)
  현금 비중(KR 계좌 한정):
    RP 예수금     **,***,***원
    ISA 예수금     **,***,***원
    연금 예수금      ***,***원
    IRP 예수금       ***,***원
    발행어음     ***,***,***원
    → KR 보유 종목 시장가 합산 대비 현금 비중 ≒ 약 20% 미만(주식 평가액 우세, 발행어음 포함시 ≒ 30~35% 추정)
  섹터 집중도(KR 종목 한정, 평가액 기준):
    반도체(005930+000660+091160)     : 압도적 1위 (단일 섹터 60% 이상)
    AI전력(487240)                   : 두 번째 비중
    글로벌 미국지수 ETF(133690/360750/438080/438100): 연금·IRP 코어
    원자재(411060), 휴머노이드(0035T0): 위성 포지션
  환율 (USD/KRW): 본 보고서는 KR 종목 한정이므로 환율 별도 표기 생략

━━━━━━━━━━━━━━━━━━━━━━━━━━━━━━━━━━━━━━━━━━━━━━━━
시황, 지정학 상황 분석 및 팩트체크
━━━━━━━━━━━━━━━━━━━━━━━━━━━━━━━━━━━━━━━━━━━━━━━━

분석 내용
    ① KOSPI 오전 급락 + 매도 사이드카 발동
       - 전일종가 대비 -3.67% 하락 출발, 매도 사이드카 발동(검색 확인).
       - 6/4까지 단기 급등 후 차익실현 매물 집중 — 지수는 시가比 거의 보합(-0.01%)으로
         "갭하락 후 횡보" 패턴 형성 중. 이는 패닉이 아닌 차익실현 흐름임을 시사.
       - KOSDAQ -3.10% / 시가比 -1.74% — 코스닥은 오전 내내 추가 약세, 위험회피 심리 유지.

    ② 반도체 양대장 — 시가비 양봉, 전일비 음봉 (갭하락 회복 패턴)
       - 삼성전자 시가 333,500원 → 현재 340,000원 (시가比 +1.95%, 전일比 -3.27%)
         어제 종가 351,500원에서 큰 폭 갭다운 후 매수세 유입.
       - SK하이닉스 시가 2,142,000원 → 현재 2,168,000원 (시가比 +1.21%, 전일比 -5.66%)
         하락 폭은 가장 컸지만 오전 중 반등 시도 진행.
       - 직전(5/31) 머니투데이: 삼성전자 자사주 매입 + HBM4E 12단 세계 첫 출하로
         시총 2000조원 돌파. 구조적 모멘텀 훼손은 확인 안 됨.
         (출처: 머니투데이 5/31 / MBC 뉴스데스크 6/4 보도)
       - 즉, 오늘 급락은 "구조 훼손"이 아니라 "급등 후 차익실현 + 사이드카 매물 청산" 성격.

    ③ KODEX AI전력핵심설비 (487240) — 추가 약세 시가比 -4.66%
       - 20d 누적 -31.6%, 평단대비 -18.2%. 평단 회복까지 +22% 필요.
       - 검색: 최근 "車·반도체 소부장 강세… AI전력·방산은 차익실현에 약세" 보도 확인
         (4월 5주차 +16.5% 폭등 → 단기 과열 해소 사이클).
       - 촉발 요인: AI 인프라 테마 자체보다는 "단기 과열 해소 + 지수 동반 하락" 비중이 큼.
         테마 구조 훼손을 입증하는 단독 뉴스는 미확인.

    ④ KODEX 반도체 / PLUS 휴머노이드 / ACE 금현물
       - KODEX 반도체: 시가比 -0.52%로 지수 -3.67% 대비 견조 → 갭다운 후 회복.
       - PLUS 휴머노이드: 시가比 -2.35%, 평단대비 +12.5% — 평단 위에서 위험회피 매물 흡수.
       - ACE KRX금현물: 시가比 +0.81% — 위험회피 자금 일부 유입 시그널.

    ⑤ 연금·IRP 미국지수 ETF(국내상장)
       - 133690/360750/438080/438100 모두 시가比 +0.2% ~ +1.4% 양봉.
       - 전일 미국장(6/4) 강세 + 환율 영향 반영 추정.
       - 장기·세제 우대 코어 포지션 — 오전 KR 패닉과 무관, 별도 조정 불필요.

    ⑥ 팩트체크 / 미확인
       - 외국인 3일 연속 순매도 여부: 본 세션에서 미확인 (수급 데이터 부재).
       - 신용잔고 비율: 미확인.
       - HBM 스팟 가격 / DRAM 스팟 가격 변동: 6/5 갱신 데이터 미확인.
       → 위 3개는 오후 장에 수급 데이터로 재검증 필요.

━━━━━━━━━━━━━━━━━━━━━━━━━━━━━━━━━━━━━━━━━━━━━━━━
신호 스코어링 (ADVISOR.md 기준)
━━━━━━━━━━━━━━━━━━━━━━━━━━━━━━━━━━━━━━━━━━━━━━━━

  신호                          | 점수 | 근거
  ──────────────────────────────────────────────────────────────────────────────
  hbm_supply_bottleneck         | +20  | 삼성 HBM4E 12단 세계 첫 출하(5/31), HBM 공급 우위 유지
  dram_price_up                 |   0  | 6/5 스팟 데이터 미확인 → 보수적 0 처리
  foreign_sell_3days            | -25  | KOSPI -3.67% + 매도 사이드카 발동 → 외국인 매도 강하게 시사
  fomo_day                      |   0  | 보유 종목 중 +5% 장중 급등 없음 (블록 조건 미발동)
  kospi_drop_15pct              |   0  | -3.67%로 -15% 트리거 미충족
  capex_cut_signal              |   0  | 빅테크 capex 축소 신호 미확인
  analyst_downgrade_3           |   0  | 6/5 기준 추가 다운그레이드 미확인
  ──────────────────────────────────────────────────────────────────────────────
  합산                          |  -5  | -29 ~ +29 구간 → Neutral / Hold

  ※ 수급 데이터(외국인·신용잔고) 갱신 시 점수 재산정 필요.
  ※ KODEX AI전력핵심설비는 섹터별 시그널 테이블이 ADVISOR.md에 정의되지 않아
    공통 시그널만 적용함.

━━━━━━━━━━━━━━━━━━━━━━━━━━━━━━━━━━━━━━━━━━━━━━━━
최종 판단
━━━━━━━━━━━━━━━━━━━━━━━━━━━━━━━━━━━━━━━━━━━━━━━━
  action:      관망 (Hold, 신규 매매 보류)
  confidence:  62%

  bull_case:
    1. 반도체 양대장 갭하락 후 시가比 양봉 — 매수세 회복 진행, 패닉 매도 아님
    2. 삼성 HBM4E 12단 세계 첫 출하 + 자사주 매입 모멘텀 구조적으로 유효
    3. KODEX 반도체 시가比 -0.52%로 지수 -3.67% 대비 강함 — 섹터 상대강도 유지
    4. ACE KRX금현물 시가比 +0.81% — 헷지 자산이 정상 작동, 포트 분산 효과 확인

  bear_case:
    1. KOSPI -3.67% + 매도 사이드카 발동 — 단기 변동성 폭발, 추가 하방 가능성
    2. SK하이닉스 전일比 -5.66% — 평단대비 +182.2% 고이익 구간, 차익실현 압력 누적
    3. KODEX AI전력핵심설비 시가比 -4.66% / 20d -31.6% — 약세 추세 지속, 평단 회복 난이
    4. 외국인 매도·신용 잔고 등 핵심 수급 지표 미확인 — 하방 모니터링 불완전

  uncertainties:
    - 외국인 누적 순매도/매수 (3일 기준) 수급 데이터 미확인
    - 사이드카 해제 후 오후장 매도 재유입 여부
    - 미국 비농업 고용(NFP) 6/5 발표가 KR 마감 후 — 위험선호 변화 가능성
    - KODEX AI전력핵심설비 추가 하락 촉매(개별 뉴스) 부재 — 단순 차익실현인지 추세 전환인지 불분명

  risks:
    - 사이드카 발동 = 단기 급등 후 차익실현 정상화 가능성이 우세하나, 외국인 동반 매도 시 -5~-7% 추가 하락 리스크
    - SK하이닉스·삼성전자 평단대비 이익이 매우 커서(+182% / +103%) 일부 익절 매도 압력 누적 — 자기 포지션이 시장 매도 압력의 일부
    - KODEX AI전력핵심설비 평단 회복까지 +22% — 추가 손절 vs 추가 매수 의사결정을 14:30까지 결정해야 후행

  entry_or_exit: null
    (장중 매수·매도 모두 보류. 사이드카 해제 후 종가 흐름 확인 우선)

  next_trigger:
    ① 14:00 — 사이드카 해제 / 재발동 여부 확인 (해제 후 회복 시 안도 랠리 가능)
    ② 15:30 — 종가 시점 외국인·기관 순매수/순매도 수급 확정
    ③ 종가 기준 반도체 ETF·삼성/하이닉스 시가比 양봉 유지 여부 → 유지 시 패닉 아닌 차익실현 확정
    ④ 미 NFP(KR 마감 후) — 예상치 상회 시 미국 금리 우려 → 다음 주 KR 개장 영향
    ⑤ KODEX AI전력핵심설비 하락 추세 추가 확인 — 일봉 -5% 이상 마감 시 분할 매수 vs 손절 재검토

━━━━━━━━━━━━━━━━━━━━━━━━━━━━━━━━━━━━━━━━━━━━━━━━
에이전트 보충 의견
━━━━━━━━━━━━━━━━━━━━━━━━━━━━━━━━━━━━━━━━━━━━━━━━
오늘 오전의 핵심은 "구조 훼손이 아닌 사이드카급 차익실현"이라는 가설을
종가 데이터로 확정짓는 것입니다.

반도체 두 종목(005930/000660)은 시가 대비 양봉으로 매수 회복이 확인되었고,
구조적 호재(HBM4E 12단, 자사주 매입)도 며칠 내 발표된 상태입니다.
평단대비 이익이 각각 +103%, +182%인 만큼 신규 추가매수는 명확한 근거가 없는 한
의미가 작으며, 동시에 익절 매도도 단일 일중 급락만으로는 충분 조건이 아닙니다.

가장 결정이 필요한 종목은 KODEX AI전력핵심설비(487240)입니다.
- 평단대비 -18.2%, 20d -31.6%로 추세 약세가 길어지고 있고,
- 단독 악재 뉴스는 확인되지 않지만 "차익실현 사이클" 보도가 이어지고 있습니다.
- 추가 매수(평단 낮추기) vs 손절 vs 보유 결정을 오늘 종가까지 미루는 것은 가능하나,
  내일 이후 추세 전환 신호 없이 -5% 추가 하락 시점에서는
  반드시 손절선/추가매수선을 사전에 정의해두어야 합니다.

오후 14:00 사이드카 상태와 15:30 종가, 그리고 외국인 수급 확정 데이터로
이 보고서를 갱신하는 후속 점검을 권장합니다.
