분석일시: 2026-06-05 16:00 KST
모드: single
분석대상: 국내 보유 종목 전체 (KR, RP/ISA/연금/IRP 계좌)

━━━━━━━━━━━━━━━━━━━━━━━━━━━━━━━━━━━━━━━━━━━━━━━━
사용자 질문
━━━━━━━━━━━━━━━━━━━━━━━━━━━━━━━━━━━━━━━━━━━━━━━━
KR 장 마감 일일 시황 — 보유 종목 가격 변동과 시장 충격 요인 점검

━━━━━━━━━━━━━━━━━━━━━━━━━━━━━━━━━━━━━━━━━━━━━━━━
포트폴리오 컨텍스트 (분석 대상 기준, 2026-06-05)
━━━━━━━━━━━━━━━━━━━━━━━━━━━━━━━━━━━━━━━━━━━━━━━━

  종목 (티커)                                  | 수량 | 계좌     | 평단(원)  | 현재가(원) | 일간(%)  | 평단 대비(%)  | 20일 수익률(%)
  ──────────────────────────────────────────────────────────────────────────────────────────────────────────
  삼성전자 (005930)                            |  ** | RP       |  167,835 |    329,000 |   -6.40 |       +96.03 |       +23.7
  SK하이닉스 (000660)                          |  ** | ISA      |  768,347 |  2,070,000 |   -9.92 |      +169.41 |       +29.3
  KODEX 반도체 (091160)                        |  ** | RP       |   84,446 |    157,180 |   -6.61 |       +86.13 |       +12.3
  KODEX AI전력핵심설비 (487240)                | ** | RP       |   52,082 |     43,355 |   -5.09 |       -16.76 |       -30.5
  PLUS 글로벌휴머노이드로봇액티브 (0035T0)     | ** | RP       |   21,795 |     25,010 |   -2.27 |       +14.75 |       +14.3
  ACE KRX금현물 (411060)                       |  ** | RP       |   34,865 |     30,165 |   +0.17 |       -13.48 |        +0.2
  TIGER 미국나스닥100 (133690)                 |  ** | 연금     |  145,221 |    205,500 |   -0.36 |       +41.51 |       +13.0
  TIGER 미국나스닥100 (133690)                 |  ** | IRP      |  165,294 |    205,500 |   -0.36 |       +24.32 |       +13.0
  TIGER 미국S&P500 (360750)                    | ** | 연금     |   19,697 |     28,845 |   +0.86 |       +46.44 |        +9.7
  TIGER 미국S&P500 (360750)                    |  ** | IRP      |   24,795 |     28,845 |   +0.86 |       +16.33 |        +9.7
  ACE 미국S&P500미국채혼합50액티브 (438080)    |  ** | IRP      |   14,146 |     15,495 |   +0.94 |        +9.54 |        +8.1
  ACE 미국나스닥100미국채혼합50액티브 (438100) |  ** | IRP      |   15,135 |     17,055 |   +0.12 |       +12.69 |        +9.5

  KR 보유 평가액 합계: 약 ***,***,***원
    - 반도체(005930+000660+091160): 약 ***,***,***원 (76.6%)
    - AI 전력(487240): 약 **,***,***원 (4.9%)
    - 로보틱스(0035T0): 약 **,***,***원 (1.6%)
    - 금현물(411060): 30,165원 (0.02%)
    - 해외지수 ETF(연금/IRP): 약 **,***,***원 (16.9%)

  투자 가능 현금(원화):
    - RP **,***,*** / 발행어음 ***,***,*** / ISA **,***,*** / 연금 ***,*** / IRP ***,***
    - 합계 약 ***,***,***원

  현금 비중: ***,***,*** / (***,***,*** + ***,***,***) ≈ 52.1% (충분)
  섹터 집중도: 반도체 76.6% (보유 자산 기준) — 단일 섹터 집중도 과대
  환율 (USD/KRW): 본 보고서 범위 외 (KR 마감 시점, FX 데이터 미사용)

━━━━━━━━━━━━━━━━━━━━━━━━━━━━━━━━━━━━━━━━━━━━━━━━
시황, 지정학 상황 분석 및 팩트체크
━━━━━━━━━━━━━━━━━━━━━━━━━━━━━━━━━━━━━━━━━━━━━━━━

분석 내용
    ① 지수 마감
       - KOSPI 8,160.59pt (-5.54%) / KOSDAQ 1,002.44pt (-4.50%) — 양대 지수 동반 급락
       - 장중 KOSPI 8,083선까지 밀리며 일시 -6%대 낙폭, 개장 직후 사이드카(프로그램 매도호가
         일시효력정지) 발동 (출처: 머니투데이/파이낸셜뉴스 6/5 기사)
    ② 촉발 요인 — 브로드컴 쇼크 + 외국인 매도 지속
       - 미국 브로드컴이 시장 기대치를 하회하는 AI 반도체 가이던스를 제시하며 미국 반도체주
         일제 하락 → 한국 반도체 대형주로 매도 확산 (파이낸셜뉴스, 데일리안)
       - 외국인 20거래일 연속 순매도 누적, 수급 압박 지속
    ③ 보유 종목 영향 — 반도체 섹터 집중 타격
       - 삼성전자 -6.40% (329,000원), SK하이닉스 -9.92% (2,070,000원),
         KODEX 반도체 -6.61% (157,180원). 보유 평가액의 76.6%가 반도체에 집중되어
         포트폴리오 일일 충격을 그대로 흡수
       - 그러나 평단 대비 수익률은 여전히 모두 큰 폭의 플러스(+86~+169%) — 누적 이익 일부 반납
    ④ AI 전력 — 보유 종목 중 유일한 평단 마이너스 종목
       - KODEX AI전력핵심설비 -5.09% (43,355원), 평단 -16.76%, 20일 -30.5%
       - 5월 중순 위클리 ETF 수익률 톱 16.5% 종목이었으나(더밸류뉴스 4월 5주차) 6월 들어
         차익실현 매물로 약세 전환. 특정 촉발 뉴스는 검색 결과 미확인 — 'AI 인프라 단기 차익
         실현 + 시장 위험회피' 일반 흐름으로 추정
    ⑤ 해외지수 ETF / 금현물
       - 연금/IRP 내 미국지수 ETF는 KR 마감 시점 기준 -0.4 ~ +0.9% 소폭 등락 (전일 미국장
         흐름 반영). 한국 반도체 충격과 디커플
       - ACE KRX금현물 +0.17% — 위험회피 자산 역할 미미하나 손실 방어
    ⑥ 외국인 수급 / 신용잔고 등 일부 마이크로 데이터는 본 세션 데이터 소스 범위 외, 확정
       값은 다음 거래일 KRX 공시 확인 필요

━━━━━━━━━━━━━━━━━━━━━━━━━━━━━━━━━━━━━━━━━━━━━━━━
신호 스코어링 (ADVISOR.md 기준)
━━━━━━━━━━━━━━━━━━━━━━━━━━━━━━━━━━━━━━━━━━━━━━━━

  신호                       | 점수 | 근거
  ──────────────────────────────────────────────────────────────
  foreign_sell_3days         |  -25 | 외국인 20거래일 연속 순매도 (파이낸셜뉴스 6/5)
  capex_cut_signal           |  -20 | 브로드컴 AI 반도체 가이던스 하회 → 빅테크 AI CapEx
                                      재평가 우려, 미국 반도체주 동반 급락
  hbm_supply_bottleneck      |  +20 | SK증권 목표주가 200만→300만원 상향, HBM 선두 지위
                                      및 AI 서버 메모리 수요 강세 견해 유지 (직전 보고서 인용)
  kospi_drop_15pct           |    0 | 단일일 -5.54%로 트리거(-15%) 미충족
  fomo_day                   |    0 | 미해당 (하락장)
  ──────────────────────────────────────────────────────────────
  합산                       |  -25 | 중립~약한 매도 신호 (-29 ~ +29 구간 경계, 관망 우위)

  ※ vix_spike, dram_price_down_2m, analyst_downgrade_3 등은 본 세션에서
     확정 데이터 미확인 → 점수 미반영. 추후 데이터 확보 시 재평가 필요.

━━━━━━━━━━━━━━━━━━━━━━━━━━━━━━━━━━━━━━━━━━━━━━━━
최종 판단
━━━━━━━━━━━━━━━━━━━━━━━━━━━━━━━━━━━━━━━━━━━━━━━━
  action:      관망 (hold)
  confidence:  68%

  bull_case:
    1. 보유 반도체 3종 모두 평단 대비 +86~+169% — 누적 이익 두텁고, 단일 -6~10% 하락은
       이익의 일부 반납에 그침. 손절 트리거 부재
    2. HBM·AI 메모리 구조적 수요는 유지. SK증권 목표가 상향(200만→300만), 한국 메모리
       독점적 지위(CXMT 장비·소재 차단)는 그대로 — 구조적 BULL 케이스 훼손 없음
    3. 현금 비중 52.1%로 매우 충분 — 추가 하락 시 분할 매수 여력 확보, 강제 매도 트리거
       없음
    4. KOSPI 8,000선은 심리적 지지선 + 사이드카 발동 = 단기 패닉 매도 신호로 자정 가능

  bear_case:
    1. 외국인 20거래일 연속 매도 + 사이드카 발동 = 수급 훼손 단기간 회복 어려움.
       기관·개인 추격 매도 시 추가 -5~10% 가능
    2. 브로드컴發 AI 반도체 가이던스 하회 → 빅테크 CapEx 둔화 시그널로 해석 시 HBM 수요
       전망까지 재평가될 위험. capex_cut_signal -20점 반영
    3. 포트폴리오의 반도체 집중도 76.6% — 섹터 단일 충격이 전체 자산에 그대로 전이. SK하
       이닉스 단일 종목 비중이 65%에 달함(보유자산 기준), 단일 종목 리스크 상한선 초과
    4. KODEX AI전력핵심설비 평단 -16.76%, 20일 -30.5% — 추세 훼손 확인. 손절/물타기
       판단을 미루면 평가손 확대 위험

  uncertainties:
    - 브로드컴 가이던스가 산업 전반의 CapEx 둔화로 확대될지 vs 일회성 이슈에 그칠지
    - 외국인 20거래일 연속 매도의 종료 시점 및 누적 매도 규모 (다음 거래일 KRX 공시 확인 필요)
    - 엔비디아 CEO 방한 등 직전 호재의 후속 추진 일정과 유효성
    - 원/달러 환율 변동 (본 세션 미수집)

  risks:
    - SK하이닉스 단일 종목 비중 65%(보유 자산 기준) — 추가 하락 시 전체 평가액 직접 타격
    - KODEX AI전력핵심설비 평단 -16.76% 상태에서 추가 하락 시 분기 손실 확대
    - 사이드카 발동 직후 수급 패닉 지속 시 다음 거래일 갭하락 가능성

  entry_or_exit: null (현 포지션 유지, 추가 매수/매도 모두 보류)
                 — 현금 52.1% 충분, ADVISOR 기준 cash<40% 매수 보류 조건 비해당이나
                 "가격 하락 단독은 매도 신호 아님" 원칙에 따라 매도도 보류

  next_trigger:
    ① 외국인 순매도 종료 시그널 (1~2거래일 순매수 전환) 확인 시 반도체 분할 매수 검토
    ② KOSPI 8,000pt 하향 이탈 + 사이드카 재발동 시 방어 점검 — 현금 비중 유지/금현물 비중 확대 검토
    ③ 브로드컴 후속 발표 / 엔비디아 가이던스 / 다른 빅테크 AI CapEx 발표로 capex_cut_signal
       유효성 재검증
    ④ KODEX AI전력핵심설비: 평단 대비 -20% 도달 시 손절/홀딩 결정 트리거
    ⑤ HBM 스팟 가격, DRAM 고정거래가 차주 발표 — dram_price_up/down_2m 신호 재확정

━━━━━━━━━━━━━━━━━━━━━━━━━━━━━━━━━━━━━━━━━━━━━━━━
에이전트 보충 의견
━━━━━━━━━━━━━━━━━━━━━━━━━━━━━━━━━━━━━━━━━━━━━━━━
오늘 코스피 -5.54% 급락은 보유 포트폴리오의 76.6%를 차지하는 반도체 섹터에
정면으로 타격을 입혔으나, 평단 대비 누적 수익률(SK하이닉스 +169%, 삼성전자 +96%,
KODEX 반도체 +86%)을 고려하면 "이익의 일부 반납"이며 손실 전환 사건은 아닙니다.

핵심 점검 포인트는 두 가지입니다.

1) 브로드컴發 AI CapEx 둔화 우려가 실재화될지 vs 단발성 노이즈인지.
   - 실재화 시: 반도체 사이클 후반부 진입 신호 → 비중 축소 검토 필요
   - 노이즈 시: 외국인 매도 종료 + KOSPI 8천선 지지 확인 후 분할 매수 기회

2) 단일 종목(SK하이닉스) 비중 65% 리스크의 해소.
   - 평단이 768,347원, 현재가 2,070,000원으로 미실현 이익이 너무 크기 때문에
     절세 측면(ISA 비과세 한도)에서 분할 차익실현 전략을 별도 [mode: rebalance]
     세션에서 점검할 필요. 본 시황 보고서에서는 결정하지 않음.

KODEX AI전력핵심설비는 평단 마이너스 유일 종목이지만, 20일 -30.5% 추세가
이미 확정된 상태에서 손절도 분할 매수도 명확한 근거 부재. -20% 평단 손실
임계치까지는 관망, 임계치 도달 시 별도 single 모드로 즉시 재분석 권고.

오늘은 "행동하지 않는 것"이 최선의 행동입니다.
