━━━━━━━━━━━━━━━━━━━━━━━━━━━━━━━━━━━━━━━━━━━━━━━━
BULL CASE (강세론자)
━━━━━━━━━━━━━━━━━━━━━━━━━━━━━━━━━━━━━━━━━━━━━━━━

1. 반도체 수출 폭증 (+149.8% YoY, 역대 최대): 5월 1~10일 반도체 수출 85억 달러,
   전체 수출의 46.3% — KODEX 반도체 구성 종목 실적 직결

2. HBM 공급 병목 유지: 헬륨 Shortage 5.0으로 HBM 웨이퍼 냉각·진공 챔버 공급 차질,
   SK하이닉스 HBM3E 점유율 ~90% → 가격 프리미엄 지속

3. 빅테크 CapEx 폭증: MS·알파벳·아마존·메타 2026년 합산 $7,250억 (+76.8% YoY),
   AI 인프라 수요 가시성 극대화

4. NVDA Q1 FY27 실적 기대 (5/20): 컨센서스 매출 ~$788억, EPS $1.77 상회 기대,
   Blackwell 아키텍처 데이터센터 기여도 ~70%

5. 미중 H200 화이트리스트: 중국 빅테크 10개사 조건부 협의 → HBM 추가 수요 직결

6. 원화 약세(1,505원) = 수출 마진 확대: SK하이닉스 USD 매출 비중 ~100%,
   환율 100원 상승 시 연간 수조 원 이익 증가 효과

7. 개인 순매수: 하방 지지선 형성, ETF 설정액(AUM) 증가 → 가격 하방 완화

8. 이란 합의 임박 시 이중 호재: 유가 하락 + 원화 강세 전환 → 현 구간은 합의 전
   마지막 저가 진입 구간 논리 성립

9. HBM 시장 구조 성장: 2026년 HBM 시장 +58~71%, 메모리 전체 +85%

10. 삼성·SK 합산 메모리 영업이익 204조 원 전망 (2026년 사상 최대)

11. 수출 다변화: 대만 +96.7%, 베트남 +89.3%, 중국 +81.8% — 미중 갈등 충격 분산

━━━━━━━━━━━━━━━━━━━━━━━━━━━━━━━━━━━━━━━━━━━━━━━━
BEAR CASE (약세론자)
━━━━━━━━━━━━━━━━━━━━━━━━━━━━━━━━━━━━━━━━━━━━━━━━

1. 환율 1,505원 = 외국인 이탈 유인: 달러 환산 수익률 훼손 → 외국인 추가 매도 유인 확대

2. 개인 물량 흡수 = 하락 전조: 스마트머니 이탈 후 약한 손(weak hands) 보유 구조 전환,
   역사적으로 단기 반등 후 추가 하락 빈번

3. 이란 전쟁권한법 시한 D-10 (5/29): 결렬 시 유가 급등 → 인플레 재점화 → 금리 인하
   기대 후퇴 → 고PER 반도체 밸류에이션 직격

4. 한국 원유 100% 수입 구조: 유가 급등 시 무역수지 악화 + 원화 추가 약세 이중 타격

5. NVDA 가이던스 하향 리스크 (D-1): AI·HBM 수요 내러티브 전체 붕괴 트리거 가능

6. 미중 화이트리스트 미발효: 뉴스 선반영 우려, 재제재 확대 시 비대칭 하방 리스크

7. CXMT 범용 DRAM 점유율 확대 (신호 -15): 전체 ASP 믹스 악화 압력

8. 미 10년물 4.5% 초과 (신호 -15): 할인율 상승 → 고PER 기술주 밸류에이션 압박

9. VIX 고점 유지 (신호 -20): 이란 지정학 → 리스크온 자산 구조적 불리

10. 삼성전자 파운드리 적자 지속: KODEX 반도체 최대 편입 종목 수익성 훼손

11. 한국은행 금통위 D-9 (5/28): 금리 인하·동결 모두 외국인 이탈 유인 — 불확실성 자체가 리스크

12. 현재 +73.4% 차익실현 구간: 하락장 속 반도체 베타 하락 시 낙폭 더 클 가능성

13. 트럼프 수출통제 추가 강화 리스크: HBM·첨단 패키징 대중 수출 규제 확대 가능성

14. 이란-강대국 연대 리스크: 미중 갈등 재점화 시 삼성 시안·SK 우시 생산거점 규제 확대

15. 외국인 수급 불명: 현황 확인 불가 → 외국인 3일 매도(-25) 발동 가능성 배제 불가

━━━━━━━━━━━━━━━━━━━━━━━━━━━━━━━━━━━━━━━━━━━━━━━━
심판관 최종 판단
━━━━━━━━━━━━━━━━━━━━━━━━━━━━━━━━━━━━━━━━━━━━━━━━

  action:     관망
  confidence: 52%

  핵심 판단 근거:
    bull case의 구조적 성장 근거(HBM 수요·수출 폭증·빅테크 CapEx)는 강력하나,
    내일 NVDA 실적 발표·이란 전쟁권한법 시한·외국인 이탈 등 단기 이벤트 리스크가
    집중되어 있어 현 시점 신규 매수는 리스크 대비 기대값 불충분.

  단기 이벤트 리스크 집중 (72시간~10일):
    ┌──────────────────────────────────┬──────────┬───────────────────────────┐
    │ 이벤트                            │ 시점      │ 하방 충격 규모             │
    ├──────────────────────────────────┼──────────┼───────────────────────────┤
    │ NVDA Q1 FY27 가이던스 하향 (가능) │ D-1 (내일)│ HBM 내러티브 전체 붕괴     │
    │ 한국은행 금통위                   │ D-9       │ 외국인 이탈 가속           │
    │ 이란 전쟁권한법 시한              │ D-10      │ 유가 급등 + 원화 추가 약세 │
    └──────────────────────────────────┴──────────┴───────────────────────────┘

  현 포지션 보유자 (100주, +73.4%) 권고:
    → 이벤트 결과 확인 전 부분 차익실현 검토 (10~20주 매도)
    → 신호 스코어 +20은 중립-약한 매수 경계값, 추가 매수 조건 미충족

━━━━━━━━━━━━━━━━━━━━━━━━━━━━━━━━━━━━━━━━━━━━━━━━
NEXT TRIGGERS
━━━━━━━━━━━━━━━━━━━━━━━━━━━━━━━━━━━━━━━━━━━━━━━━

    ① NVDA Q1 FY27 가이던스 상향 (5/20) → 매수 재검토 (+25 신호 확정화)
    ② 이란 전쟁권한법 협상 합의 (5/29) → 유가 하락 + VIX 완화 → 신호 스코어 +45로 도약
    ③ 외국인 수급 전환 확인 (개인→외국인 순매수): foreign_buy_3days +20 발동 시 합산 +65 (강한 매수)
    ④ 코스피 -15% 하락 도달 시: kospi_drop_15pct +40 발동 → 1차 매수 조건 자동 충족