━━━━━━━━━━━━━━━━━━━━━━━━━━━━━━━━━━━━━━━━━━━━━━━━
BULL CASE (강세론자)
━━━━━━━━━━━━━━━━━━━━━━━━━━━━━━━━━━━━━━━━━━━━━━━━

1.
2.
3.
4.
5.
...

━━━━━━━━━━━━━━━━━━━━━━━━━━━━━━━━━━━━━━━━━━━━━━━━
BEAR CASE (약세론자)
━━━━━━━━━━━━━━━━━━━━━━━━━━━━━━━━━━━━━━━━━━━━━━━━

1.
2.
3.
4.
5.
...

━━━━━━━━━━━━━━━━━━━━━━━━━━━━━━━━━━━━━━━━━━━━━━━━
심판관 최종 판단
━━━━━━━━━━━━━━━━━━━━━━━━━━━━━━━━━━━━━━━━━━━━━━━━

  action:
  confidence: %

  핵심 판단 근거:

  단기 이벤트 리스크:

    ┌──────────────────────────────────┬──────────┬───────────────────────────┐
    │ 이벤트                            │ 시점      │ 영향                      │
    ├──────────────────────────────────┼──────────┼───────────────────────────┤
    │                                  │          │                           │
    │                                  │          │                           │
    │                                  │          │                           │
    └──────────────────────────────────┴──────────┴───────────────────────────┘

  현 포지션 보유자 권고:
    →

  신규/추가 진입 조건:
    →

━━━━━━━━━━━━━━━━━━━━━━━━━━━━━━━━━━━━━━━━━━━━━━━━
NEXT TRIGGERS
━━━━━━━━━━━━━━━━━━━━━━━━━━━━━━━━━━━━━━━━━━━━━━━━

  ①
  ②
  ③
  ④
  ...