━━━━━━━━━━━━━━━━━━━━━━━━━━━━━━━━━━━━━━━━━━━━━━━━
최종 판단
━━━━━━━━━━━━━━━━━━━━━━━━━━━━━━━━━━━━━━━━━━━━━━━━
  action:
  confidence: %

  bull_case:
    1.
    2.
    3.
    4.

  bear_case:
    1.
    2.
    3.
    4.

  uncertainties:
    -
    -
    -
    -

  risks:
    -
    -
    -

  entry_or_exit:

  next_trigger:
    ①
    ②
    ③
    ④
    ...

━━━━━━━━━━━━━━━━━━━━━━━━━━━━━━━━━━━━━━━━━━━━━━━━
에이전트 보충 의견 (필요시)
━━━━━━━━━━━━━━━━━━━━━━━━━━━━━━━━━━━━━━━━━━━━━━━━
사용자 질문에 대한 추가 설명, 보충 판단, 리스크 경고,
또는 조건부 시나리오 작성