━━━━━━━━━━━━━━━━━━━━━━━━━━━━━━━━━━━━━━━━━━━━━━━━
거시 환경 종합 점수
━━━━━━━━━━━━━━━━━━━━━━━━━━━━━━━━━━━━━━━━━━━━━━━━

  분석 기간:     7일 | 30일 | 90일
  risk_score:    -100 ~ +100
  regime:        Risk-on | Neutral | Risk-off

  핵심 판단 (1~2줄):


━━━━━━━━━━━━━━━━━━━━━━━━━━━━━━━━━━━━━━━━━━━━━━━━
6축 요인 스코어카드
━━━━━━━━━━━━━━━━━━━━━━━━━━━━━━━━━━━━━━━━━━━━━━━━

  ┌────┬──────────────┬──────────┬────────┬───────────────────────────┐
  │ 축 │ 현재 상태    │ 방향(↑→↓)│ 임팩트 │ 근거 (확정 사실 인용)     │
  ├────┼──────────────┼──────────┼────────┼───────────────────────────┤
  │ A  │              │          │        │                           │
  │ B  │              │          │        │                           │
  │ C  │              │          │        │                           │
  │ D  │              │          │        │                           │
  │ E  │              │          │        │                           │
  │ F  │              │          │        │                           │
  └────┴──────────────┴──────────┴────────┴───────────────────────────┘

  A: 금리·통화         B: 물가·경기        C: 변동성·수급
  D: 지정학·정책       E: 유동성·자금흐름  F: 원자재·에너지

  ※ 기간 가중치:
    - 7일:  D · E · F 강조
    - 30일: 균등 (default)
    - 90일: A · B 강조

━━━━━━━━━━━━━━━━━━━━━━━━━━━━━━━━━━━━━━━━━━━━━━━━
시나리오 매트릭스
━━━━━━━━━━━━━━━━━━━━━━━━━━━━━━━━━━━━━━━━━━━━━━━━

  ┌────────┬───────┬──────────────────────┬──────────────────────────┐
  │ 시나리오│ 확률  │ 핵심 트리거           │ 포트폴리오 영향          │
  ├────────┼───────┼──────────────────────┼──────────────────────────┤
  │ Base   │   %   │                       │                          │
  │ Bull   │   %   │                       │                          │
  │ Bear   │   %   │                       │                          │
  └────────┴───────┴──────────────────────┴──────────────────────────┘

  ※ 확률 합 = 100%

━━━━━━━━━━━━━━━━━━━━━━━━━━━━━━━━━━━━━━━━━━━━━━━━
시나리오별 섹터·자산 영향
━━━━━━━━━━━━━━━━━━━━━━━━━━━━━━━━━━━━━━━━━━━━━━━━

  ┌──────────────┬──────────┬──────────┬──────────┐
  │ 자산군       │ Base     │ Bull     │ Bear     │
  ├──────────────┼──────────┼──────────┼──────────┤
  │ 반도체       │          │          │          │
  │ AI 전력      │          │          │          │
  │ 빅테크       │          │          │          │
  │ 안전자산     │          │          │          │
  │ 원화 자산    │          │          │          │
  └──────────────┴──────────┴──────────┴──────────┘

━━━━━━━━━━━━━━━━━━━━━━━━━━━━━━━━━━━━━━━━━━━━━━━━
포트폴리오 권고 (개별 종목 매매 없음)
━━━━━━━━━━━━━━━━━━━━━━━━━━━━━━━━━━━━━━━━━━━━━━━━

  현금 비중 조정:
    →

  환헤지 (USD 익스포저):
    →

  섹터 리밸런싱:
    →
    →

  후속 mode 추천:
    →  /open-sesame [mode: single|multi|rebalance][...]

━━━━━━━━━━━━━━━━━━━━━━━━━━━━━━━━━━━━━━━━━━━━━━━━
임박 이벤트 캘린더 (event-driven trigger)
━━━━━━━━━━━━━━━━━━━━━━━━━━━━━━━━━━━━━━━━━━━━━━━━

  ┌──────────┬──────────────────────────┬──────────────┬──────────────────┐
  │ 날짜     │ 이벤트                    │ 주목 변수    │ 발생 시 액션     │
  ├──────────┼──────────────────────────┼──────────────┼──────────────────┤
  │          │                          │              │                  │
  │          │                          │              │                  │
  │          │                          │              │                  │
  └──────────┴──────────────────────────┴──────────────┴──────────────────┘
