━━━━━━━━━━━━━━━━━━━━━━━━━━━━━━━━━━━━━━━━━━━━━━━━
Macro Environment Summary
━━━━━━━━━━━━━━━━━━━━━━━━━━━━━━━━━━━━━━━━━━━━━━━━

  Analysis period: 30d
  risk_score:      -25
  regime:          Risk-off (caution level)

  Key verdict:
    Short-term flow shock underway driven by Broadcom guidance-triggered AI CapEx
    peak thesis + SpaceX IPO siphon effect. 6/17 FOMC SEP tone is the decisive pivot.

━━━━━━━━━━━━━━━━━━━━━━━━━━━━━━━━━━━━━━━━━━━━━━━━
Six-Axis Factor Scorecard
━━━━━━━━━━━━━━━━━━━━━━━━━━━━━━━━━━━━━━━━━━━━━━━━

  ┌────┬──────────────────┬────────┬────────┬──────────────────────────────┐
  │ Ax │ Current State    │ Dir    │ Impact │ Basis (confirmed facts)      │
  ├────┼──────────────────┼────────┼────────┼──────────────────────────────┤
  │ A  │ Awaiting FOMC    │  →    │   0    │ SEP included; market pricing │
  │    │ 6/17, US 10Y ~4.3│        │        │ 50% probability Sept cut     │
  │ B  │ Disinflation     │  ↓    │   +    │ 6/10 CPI, 6/25 PCE imminent  │
  │    │ in progress      │        │        │                              │
  │ C  │ VIX rising,      │  ↑    │   -    │ 6/5 KOSPI -6%+, circuit      │
  │    │ heavy foreign    │        │        │ breaker partially triggered  │
  │    │ selling          │        │        │                              │
  │ D  │ US-China latent  │  →    │   0    │ No new tariffs; no additional │
  │    │ tensions         │        │        │ export control announcements  │
  │ E  │ SpaceX IPO 6/12  │  ↑    │   -    │ $75B raise / $1.75T val;     │
  │    │ siphon effect    │        │        │ JPM estimates $950B rebalance │
  │ F  │ DRAM spot stable │  →    │   0    │ 2-month consecutive decline  │
  │    │                  │        │        │ not confirmed                │
  └────┴──────────────────┴────────┴────────┴──────────────────────────────┘

  Period 30d weighting: equal applied

━━━━━━━━━━━━━━━━━━━━━━━━━━━━━━━━━━━━━━━━━━━━━━━━
Scenario Matrix
━━━━━━━━━━━━━━━━━━━━━━━━━━━━━━━━━━━━━━━━━━━━━━━━

  ┌────────┬───────┬──────────────────────────┬─────────────────────────────┐
  │Scenario│ Prob  │ Key Triggers              │ Portfolio Impact            │
  ├────────┼───────┼──────────────────────────┼─────────────────────────────┤
  │ Base   │  50%  │ FOMC hold + mild hawkish, │ Range-bound. Semis -5%~+5%, │
  │        │       │ CPI slowdown confirmed    │ holding cash is stable      │
  │ Bull   │  25%  │ CPI slows + FOMC dovish  │ Growth stocks V-bounce.     │
  │        │       │ + Rubin rumor denied      │ Semis +10~+15%, USD weak    │
  │ Bear   │  25%  │ CPI re-accelerates +      │ Additional -10~-15%.        │
  │        │       │ FOMC hawkish + foreign    │ Foreign selling adds KRX    │
  │        │       │ 3-day selling             │ shock on top                │
  └────────┴───────┴──────────────────────────┴─────────────────────────────┘

  Probabilities sum: 100%

━━━━━━━━━━━━━━━━━━━━━━━━━━━━━━━━━━━━━━━━━━━━━━━━
Scenario Asset Impact
━━━━━━━━━━━━━━━━━━━━━━━━━━━━━━━━━━━━━━━━━━━━━━━━

  ┌──────────────┬──────────┬──────────┬──────────┐
  │ Asset        │ Base     │ Bull     │ Bear     │
  ├──────────────┼──────────┼──────────┼──────────┤
  │ Semiconductors│  →      │  ++     │  --      │
  │ AI Power     │  -       │  +      │  --      │
  │ Big Tech     │  →      │  +      │  -       │
  │ Safe Assets  │  +       │  -      │  ++      │
  │ KRW Assets   │  -       │  +      │  --      │
  └──────────────┴──────────┴──────────┴──────────┘

━━━━━━━━━━━━━━━━━━━━━━━━━━━━━━━━━━━━━━━━━━━━━━━━
Portfolio Recommendations (no individual stock orders)
━━━━━━━━━━━━━━━━━━━━━━━━━━━━━━━━━━━━━━━━━━━━━━━━

  Cash ratio adjustment:
    →  Current 50.4% → target 55~60% (hold until 6/17 FOMC)
       Bear scenario buffer + buying power reserve

  FX hedge (USD exposure):
    →  USD/KRW 1,558 at peak zone. Hold off new US stock purchases (avoid FX loss)
       USD cash $12,870 to be deployed after IPO clears + dovish signal confirmed

  Sector rebalancing:
    →  Semiconductors 32% → trim to 25% (concentration threshold + Broadcom guidance risk)
    →  Safe assets (gold) 0.01% → consider new 3~5% position (Bear hedge)
    →  AI Power 1.9% → hold (defer additional buying; reassess after 6/17)

  Follow-up mode:
    →  /open-sesame [mode: multi][SK hynix] — action on 25.5% single-stock concentration
    →  /open-sesame [mode: rebalance] — design path to 25% sector target

━━━━━━━━━━━━━━━━━━━━━━━━━━━━━━━━━━━━━━━━━━━━━━━━
Upcoming Event Calendar (event-driven triggers)
━━━━━━━━━━━━━━━━━━━━━━━━━━━━━━━━━━━━━━━━━━━━━━━━

  ┌──────────┬──────────────────────────┬──────────────────┬──────────────────┐
  │ Date     │ Event                     │ Key Variable     │ Action if occurs │
  ├──────────┼──────────────────────────┼──────────────────┼──────────────────┤
  │ 6/10     │ US May CPI               │ Core slowdown    │ Slows → Bull wt  │
  │ 6/12     │ SpaceX IPO ramps up      │ Secondary rebal  │ Fgn -3d → sell   │
  │ 6/17     │ FOMC + SEP               │ Dot plot Sept cut│ Dovish → phased  │
  │ 6/25     │ US May PCE               │ Core PCE near 2% │ Slows → add      │
  │ 7/8      │ Samsung Q2 prelim        │ HBM shipment     │ HBM+ → hold firm │
  │ 7/29     │ SK hynix Q2 + FOMC Jul   │ HBM4 yield, sig  │ Both good → aggr │
  └──────────┴──────────────────────────┴──────────────────┴──────────────────┘
