분석일시: YYYY-MM-DD
모드: single | multi | rebalance | scan
분석대상: 종목명 (티커, KR | US / 계좌타입)

━━━━━━━━━━━━━━━━━━━━━━━━━━━━━━━━━━━━━━━━━━━━━━━━
사용자 질문
━━━━━━━━━━━━━━━━━━━━━━━━━━━━━━━━━━━━━━━━━━━━━━━━
사용자의 질문 입력

━━━━━━━━━━━━━━━━━━━━━━━━━━━━━━━━━━━━━━━━━━━━━━━━
포트폴리오 컨텍스트 (분석 대상 기준, YYYY-MM-DD)
━━━━━━━━━━━━━━━━━━━━━━━━━━━━━━━━━━━━━━━━━━━━━━━━

  종목 (티커)            | 수량 | 계좌 | 평단(원)  | 현재가(원) | 수익률(%) | 20일 수익률(%)
  ──────────────────────────────────────────────────────────────────────────────────
  종목명 (티커)          |      |      |           |            |           |
  종목명 (티커)          |      |      |           |            |           |

  현금 비중:
  섹터 집중도:
  환율 (USD/KRW):

━━━━━━━━━━━━━━━━━━━━━━━━━━━━━━━━━━━━━━━━━━━━━━━━
시황, 지정학 상황 분석 및 팩트체크
━━━━━━━━━━━━━━━━━━━━━━━━━━━━━━━━━━━━━━━━━━━━━━━━

분석 내용
    ①
    ②
    ③
    ④
    ...

━━━━━━━━━━━━━━━━━━━━━━━━━━━━━━━━━━━━━━━━━━━━━━━━
신호 스코어링 (ADVISOR.md 기준)
━━━━━━━━━━━━━━━━━━━━━━━━━━━━━━━━━━━━━━━━━━━━━━━━

  신호                    | 점수 | 근거
  ──────────────────────────────────────────────────────────────
  signal_name             |      |
  signal_name             |      |
  signal_name             |      |
  signal_name             |      |
  ──────────────────────────────────────────────────────────────
  합산                    |      | 스코어링 판단